Component: ARM Compiler 5.06 update 5 (build 528) Tool: armlink [4d35e2]

==============================================================================

Section Cross References

    startup_stm32l432xx.o(RESET) refers to startup_stm32l432xx.o(STACK) for __initial_sp
    startup_stm32l432xx.o(RESET) refers to startup_stm32l432xx.o(.text) for Reset_Handler
    startup_stm32l432xx.o(RESET) refers to stm32l4xx_it.o(i.NMI_Handler) for NMI_Handler
    startup_stm32l432xx.o(RESET) refers to stm32l4xx_it.o(i.HardFault_Handler) for HardFault_Handler
    startup_stm32l432xx.o(RESET) refers to stm32l4xx_it.o(i.MemManage_Handler) for MemManage_Handler
    startup_stm32l432xx.o(RESET) refers to stm32l4xx_it.o(i.BusFault_Handler) for BusFault_Handler
    startup_stm32l432xx.o(RESET) refers to stm32l4xx_it.o(i.UsageFault_Handler) for UsageFault_Handler
    startup_stm32l432xx.o(RESET) refers to stm32l4xx_it.o(i.SVC_Handler) for SVC_Handler
    startup_stm32l432xx.o(RESET) refers to stm32l4xx_it.o(i.DebugMon_Handler) for DebugMon_Handler
    startup_stm32l432xx.o(RESET) refers to stm32l4xx_it.o(i.PendSV_Handler) for PendSV_Handler
    startup_stm32l432xx.o(RESET) refers to stm32l4xx_it.o(i.SysTick_Handler) for SysTick_Handler
    startup_stm32l432xx.o(RESET) refers to stm32l4xx_it.o(i.RCC_IRQHandler) for RCC_IRQHandler
    startup_stm32l432xx.o(RESET) refers to stm32l4xx_it.o(i.EXTI1_IRQHandler) for EXTI1_IRQHandler
    startup_stm32l432xx.o(RESET) refers to stm32l4xx_it.o(i.EXTI3_IRQHandler) for EXTI3_IRQHandler
    startup_stm32l432xx.o(RESET) refers to stm32l4xx_it.o(i.EXTI4_IRQHandler) for EXTI4_IRQHandler
    startup_stm32l432xx.o(RESET) refers to stm32l4xx_it.o(i.EXTI9_5_IRQHandler) for EXTI9_5_IRQHandler
    startup_stm32l432xx.o(RESET) refers to stm32l4xx_it.o(i.USART1_IRQHandler) for USART1_IRQHandler
    startup_stm32l432xx.o(RESET) refers to stm32l4xx_it.o(i.RTC_Alarm_IRQHandler) for RTC_Alarm_IRQHandler
    startup_stm32l432xx.o(RESET) refers to stm32l4xx_it.o(i.I2C3_EV_IRQHandler) for I2C3_EV_IRQHandler
    startup_stm32l432xx.o(RESET) refers to stm32l4xx_it.o(i.I2C3_ER_IRQHandler) for I2C3_ER_IRQHandler
    startup_stm32l432xx.o(.text) refers to system_stm32l4xx.o(i.SystemInit) for SystemInit
    startup_stm32l432xx.o(.text) refers to entry.o(.ARM.Collect$$$$00000000) for __main
    main.o(i.HAL_UART_RxCpltCallback) refers to memseta.o(.text) for __aeabi_memclr
    main.o(i.HAL_UART_RxCpltCallback) refers to stm32l4xx_hal_uart.o(i.HAL_UART_Receive_IT) for HAL_UART_Receive_IT
    main.o(i.HAL_UART_RxCpltCallback) refers to main.o(.data) for .data
    main.o(i.HAL_UART_RxCpltCallback) refers to main.o(.bss) for .bss
    main.o(i.HAL_UART_RxCpltCallback) refers to usart.o(.bss) for huart1
    main.o(i.SystemClock_Config) refers to memseta.o(.text) for __aeabi_memclr4
    main.o(i.SystemClock_Config) refers to stm32l4xx_hal_pwr_ex.o(i.HAL_PWREx_ControlVoltageScaling) for HAL_PWREx_ControlVoltageScaling
    main.o(i.SystemClock_Config) refers to stm32l4xx_hal_pwr.o(i.HAL_PWR_EnableBkUpAccess) for HAL_PWR_EnableBkUpAccess
    main.o(i.SystemClock_Config) refers to stm32l4xx_hal_rcc.o(i.HAL_RCC_OscConfig) for HAL_RCC_OscConfig
    main.o(i.SystemClock_Config) refers to stm32l4xx_hal_rcc.o(i.HAL_RCC_ClockConfig) for HAL_RCC_ClockConfig
    main.o(i.main) refers to stm32l4xx_hal.o(i.HAL_Init) for HAL_Init
    main.o(i.main) refers to main.o(i.SystemClock_Config) for SystemClock_Config
    main.o(i.main) refers to gpio.o(i.MX_GPIO_Init) for MX_GPIO_Init
    main.o(i.main) refers to rtc.o(i.MX_RTC_Init) for MX_RTC_Init
    main.o(i.main) refers to usart.o(i.MX_USART1_UART_Init) for MX_USART1_UART_Init
    main.o(i.main) refers to i2c.o(i.MX_I2C3_Init) for MX_I2C3_Init
    main.o(i.main) refers to stm32l4xx_hal_uart.o(i.HAL_UART_Receive_IT) for HAL_UART_Receive_IT
    main.o(i.main) refers to astra_ui_draw_driver.o(i.astra_ui_driver_init) for astra_ui_driver_init
    main.o(i.main) refers to astra_ui_core.o(i.astra_init_core) for astra_init_core
    main.o(i.main) refers to stm32l4xx_hal.o(i.HAL_Delay) for HAL_Delay
    main.o(i.main) refers to astra_ui_item.o(i.astra_new_list_item) for astra_new_list_item
    main.o(i.main) refers to astra_ui_item.o(i.astra_new_slider_item) for astra_new_slider_item
    main.o(i.main) refers to astra_ui_item.o(i.astra_new_user_item) for astra_new_user_item
    main.o(i.main) refers to astra_ui_item.o(i.astra_get_root_list) for astra_get_root_list
    main.o(i.main) refers to astra_ui_item.o(i.astra_push_item_to_list) for astra_push_item_to_list
    main.o(i.main) refers to u8g2_buffer.o(i.u8g2_ClearBuffer) for u8g2_ClearBuffer
    main.o(i.main) refers to astra_ui_core.o(i.astra_ui_main_core) for astra_ui_main_core
    main.o(i.main) refers to astra_ui_core.o(i.astra_ui_widget_core) for astra_ui_widget_core
    main.o(i.main) refers to u8g2_buffer.o(i.u8g2_SendBuffer) for u8g2_SendBuffer
[...]
    _strtoul                                 0x0800041d   Thumb Code   158  _strtoul.o(.text)
    _chval                                   0x080004c1   Thumb Code    28  _chval.o(.text)
    __decompress                             0x080004dd   Thumb Code     0  __dczerorl2.o(.text)
    __decompress1                            0x080004dd   Thumb Code    86  __dczerorl2.o(.text)
    BusFault_Handler                         0x08000533   Thumb Code     2  stm32l4xx_it.o(i.BusFault_Handler)
    DebugMon_Handler                         0x08000535   Thumb Code     2  stm32l4xx_it.o(i.DebugMon_Handler)
    EXTI1_IRQHandler                         0x08000537   Thumb Code     6  stm32l4xx_it.o(i.EXTI1_IRQHandler)
    EXTI3_IRQHandler                         0x0800053d   Thumb Code     6  stm32l4xx_it.o(i.EXTI3_IRQHandler)
    EXTI4_IRQHandler                         0x08000543   Thumb Code     6  stm32l4xx_it.o(i.EXTI4_IRQHandler)
    EXTI9_5_IRQHandler                       0x08000549   Thumb Code     6  stm32l4xx_it.o(i.EXTI9_5_IRQHandler)
    Error_Handler                            0x0800054f   Thumb Code     4  main.o(i.Error_Handler)
    Get_RTC_Hour                             0x08000555   Thumb Code    10  rtc_user.o(i.Get_RTC_Hour)
    Get_RTC_Min                              0x08000565   Thumb Code     6  rtc_user.o(i.Get_RTC_Min)
    Get_RTC_Sec                              0x08000571   Thumb Code     6  rtc_user.o(i.Get_RTC_Sec)
    HAL_DMA_Abort                            0x0800057d   Thumb Code    74  stm32l4xx_hal_dma.o(i.HAL_DMA_Abort)
    HAL_DMA_Abort_IT                         0x080005c7   Thumb Code    78  stm32l4xx_hal_dma.o(i.HAL_DMA_Abort_IT)
    HAL_DMA_GetState                         0x08000615   Thumb Code     6  stm32l4xx_hal_dma.o(i.HAL_DMA_GetState)
    HAL_Delay                                0x0800061d   Thumb Code    32  stm32l4xx_hal.o(i.HAL_Delay)
    HAL_GPIO_EXTI_Callback                   0x08000641   Thumb Code   108  stm32l4xx_it.o(i.HAL_GPIO_EXTI_Callback)
    HAL_GPIO_EXTI_IRQHandler                 0x080006b1   Thumb Code    18  stm32l4xx_hal_gpio.o(i.HAL_GPIO_EXTI_IRQHandler)
    HAL_GPIO_Init                            0x080006c9   Thumb Code   488  stm32l4xx_hal_gpio.o(i.HAL_GPIO_Init)
    HAL_GPIO_ReadPin                         0x080008cb   Thumb Code    10  stm32l4xx_hal_gpio.o(i.HAL_GPIO_ReadPin)
    HAL_GetTick                              0x080008d5   Thumb Code     6  stm32l4xx_hal.o(i.HAL_GetTick)
    HAL_I2CEx_ConfigAnalogFilter             0x080008e1   Thumb Code    86  stm32l4xx_hal_i2c_ex.o(i.HAL_I2CEx_ConfigAnalogFilter)
    HAL_I2CEx_ConfigDigitalFilter            0x08000937   Thumb Code    82  stm32l4xx_hal_i2c_ex.o(i.HAL_I2CEx_ConfigDigitalFilter)
    HAL_I2CEx_EnableFastModePlus             0x08000989   Thumb Code    30  stm32l4xx_hal_i2c_ex.o(i.HAL_I2CEx_EnableFastModePlus)
    HAL_I2C_AbortCpltCallback                0x080009b1   Thumb Code     2  stm32l4xx_hal_i2c.o(i.HAL_I2C_AbortCpltCallback)
    HAL_I2C_AddrCallback                     0x080009b3   Thumb Code     2  stm32l4xx_hal_i2c.o(i.HAL_I2C_AddrCallback)
    HAL_I2C_ER_IRQHandler                    0x080009b5   Thumb Code   104  stm32l4xx_hal_i2c.o(i.HAL_I2C_ER_IRQHandler)
    HAL_I2C_EV_IRQHandler                    0x08000a1d   Thumb Code    16  stm32l4xx_hal_i2c.o(i.HAL_I2C_EV_IRQHandler)
    HAL_I2C_ErrorCallback                    0x08000a2d   Thumb Code     2  stm32l4xx_hal_i2c.o(i.HAL_I2C_ErrorCallback)
    HAL_I2C_Init                             0x08000a31   Thumb Code   184  stm32l4xx_hal_i2c.o(i.HAL_I2C_Init)
    HAL_I2C_ListenCpltCallback               0x08000aed   Thumb Code     2  stm32l4xx_hal_i2c.o(i.HAL_I2C_ListenCpltCallback)
    HAL_I2C_Master_Transmit                  0x08000af1   Thumb Code   324  stm32l4xx_hal_i2c.o(i.HAL_I2C_Master_Transmit)
    HAL_I2C_MspInit                          0x08000c45   Thumb Code   190  i2c.o(i.HAL_I2C_MspInit)
    HAL_I2C_SlaveRxCpltCallback              0x08000d11   Thumb Code     2  stm32l4xx_hal_i2c.o(i.HAL_I2C_SlaveRxCpltCallback)
    HAL_I2C_SlaveTxCpltCallback              0x08000d13   Thumb Code     2  stm32l4xx_hal_i2c.o(i.HAL_I2C_SlaveTxCpltCallback)
    HAL_IncTick                              0x08000d15   Thumb Code    12  stm32l4xx_hal.o(i.HAL_IncTick)
    HAL_Init                                 0x08000d25   Thumb Code    30  stm32l4xx_hal.o(i.HAL_Init)
    HAL_InitTick                             0x08000d45   Thumb Code    58  stm32l4xx_hal.o(i.HAL_InitTick)
    HAL_MspInit                              0x08000d89   Thumb Code    56  stm32l4xx_hal_msp.o(i.HAL_MspInit)
    HAL_NVIC_EnableIRQ                       0x08000dc5   Thumb Code    26  stm32l4xx_hal_cortex.o(i.HAL_NVIC_EnableIRQ)
    HAL_NVIC_SetPriority                     0x08000de1   Thumb Code    60  stm32l4xx_hal_cortex.o(i.HAL_NVIC_SetPriority)
    HAL_NVIC_SetPriorityGrouping             0x08000e21   Thumb Code    26  stm32l4xx_hal_cortex.o(i.HAL_NVIC_SetPriorityGrouping)
    HAL_PWREx_ControlVoltageScaling          0x08000e45   Thumb Code    90  stm32l4xx_hal_pwr_ex.o(i.HAL_PWREx_ControlVoltageScaling)
    HAL_PWREx_GetVoltageRange                0x08000ead   Thumb Code    10  stm32l4xx_hal_pwr_ex.o(i.HAL_PWREx_GetVoltageRange)
    HAL_PWR_EnableBkUpAccess                 0x08000ebd   Thumb Code    12  stm32l4xx_hal_pwr.o(i.HAL_PWR_EnableBkUpAccess)
    HAL_RCCEx_PeriphCLKConfig                0x08000ecd   Thumb Code   634  stm32l4xx_hal_rcc_ex.o(i.HAL_RCCEx_PeriphCLKConfig)
    HAL_RCC_ClockConfig                      0x08001159   Thumb Code   304  stm32l4xx_hal_rcc.o(i.HAL_RCC_ClockConfig)
    HAL_RCC_GetPCLK1Freq                     0x0800129d   Thumb Code    24  stm32l4xx_hal_rcc.o(i.HAL_RCC_GetPCLK1Freq)
    HAL_RCC_GetPCLK2Freq                     0x080012c1   Thumb Code    24  stm32l4xx_hal_rcc.o(i.HAL_RCC_GetPCLK2Freq)
    HAL_RCC_GetSysClockFreq                  0x080012e5   Thumb Code   150  stm32l4xx_hal_rcc.o(i.HAL_RCC_GetSysClockFreq)
    HAL_RCC_OscConfig                        0x08001389   Thumb Code  1366  stm32l4xx_hal_rcc.o(i.HAL_RCC_OscConfig)
    HAL_RTCEx_AlarmBEventCallback            0x080018e9   Thumb Code     2  stm32l4xx_hal_rtc_ex.o(i.HAL_RTCEx_AlarmBEventCallback)
    HAL_RTC_AlarmAEventCallback              0x080018ed   Thumb Code    22  rtc_user.o(i.HAL_RTC_AlarmAEventCallback)
    HAL_RTC_AlarmIRQHandler                  0x08001909   Thumb Code    84  stm32l4xx_hal_rtc.o(i.HAL_RTC_AlarmIRQHandler)
    HAL_RTC_GetDate                          0x08001961   Thumb Code    62  stm32l4xx_hal_rtc.o(i.HAL_RTC_GetDate)
    HAL_RTC_GetTime                          0x080019a5   Thumb Code    78  stm32l4xx_hal_rtc.o(i.HAL_RTC_GetTime)
    HAL_RTC_Init                             0x080019f9   Thumb Code   172  stm32l4xx_hal_rtc.o(i.HAL_RTC_Init)
    HAL_RTC_MspInit                          0x08001aa9   Thumb Code    76  rtc.o(i.HAL_RTC_MspInit)
    HAL_RTC_SetAlarm_IT                      0x08001afd   Thumb Code   396  stm32l4xx_hal_rtc.o(i.HAL_RTC_SetAlarm_IT)
    HAL_RTC_SetDate                          0x08001c95   Thumb Code   156  stm32l4xx_hal_rtc.o(i.HAL_RTC_SetDate)
    HAL_RTC_SetTime                          0x08001d35   Thumb Code   198  stm32l4xx_hal_rtc.o(i.HAL_RTC_SetTime)
    HAL_RTC_WaitForSynchro                   0x08001e01   Thumb Code    50  stm32l4xx_hal_rtc.o(i.HAL_RTC_WaitForSynchro)
    HAL_SYSTICK_Config                       0x08001e39   Thumb Code    40  stm32l4xx_hal_cortex.o(i.HAL_SYSTICK_Config)
    HAL_UARTEx_RxEventCallback               0x08001e61   Thumb Code     2  stm32l4xx_hal_uart.o(i.HAL_UARTEx_RxEventCallback)
    HAL_UARTEx_WakeupCallback                0x08001e63   Thumb Code     2  stm32l4xx_hal_uart_ex.o(i.HAL_UARTEx_WakeupCallback)
    HAL_UART_ErrorCallback                   0x08001e65   Thumb Code     2  stm32l4xx_hal_uart.o(i.HAL_UART_ErrorCallback)
    HAL_UART_GetState                        0x08001e67   Thumb Code    12  stm32l4xx_hal_uart.o(i.HAL_UART_GetState)
    HAL_UART_IRQHandler                      0x08001e75   Thumb Code   704  stm32l4xx_hal_uart.o(i.HAL_UART_IRQHandler)
    HAL_UART_Init                            0x0800213d   Thumb Code   102  stm32l4xx_hal_uart.o(i.HAL_UART_Init)
    HAL_UART_MspInit                         0x080021a5   Thumb Code   134  usart.o(i.HAL_UART_MspInit)
    HAL_UART_Receive_IT                      0x08002235   Thumb Code    66  stm32l4xx_hal_uart.o(i.HAL_UART_Receive_IT)
    HAL_UART_RxCpltCallback                  0x0800227d   Thumb Code   126  main.o(i.HAL_UART_RxCpltCallback)
    HAL_UART_Transmit                        0x08002311   Thumb Code   164  stm32l4xx_hal_uart.o(i.HAL_UART_Transmit)
    HAL_UART_TxCpltCallback                  0x080023b5   Thumb Code     2  stm32l4xx_hal_uart.o(i.HAL_UART_TxCpltCallback)
    HardFault_Handler                        0x080023b7   Thumb Code     2  stm32l4xx_it.o(i.HardFault_Handler)
    I2C3_ER_IRQHandler                       0x080023b9   Thumb Code     6  stm32l4xx_it.o(i.I2C3_ER_IRQHandler)
    I2C3_EV_IRQHandler                       0x080023c5   Thumb Code     6  stm32l4xx_it.o(i.I2C3_EV_IRQHandler)
    MX_GPIO_Init                             0x08002c49   Thumb Code   154  gpio.o(i.MX_GPIO_Init)
    MX_I2C3_Init                             0x08002ce9   Thumb Code    80  i2c.o(i.MX_I2C3_Init)
    MX_RTC_Init                              0x08002d45   Thumb Code   184  rtc.o(i.MX_RTC_Init)
    MX_USART1_UART_Init                      0x08002e09   Thumb Code    52  usart.o(i.MX_USART1_UART_Init)
    MemManage_Handler                        0x08002e45   Thumb Code     2  stm32l4xx_it.o(i.MemManage_Handler)
    NMI_Handler                              0x08002e47   Thumb Code     2  stm32l4xx_it.o(i.NMI_Handler)
    PendSV_Handler                           0x08002e49   Thumb Code     2  stm32l4xx_it.o(i.PendSV_Handler)
    RCC_IRQHandler                           0x08002f79   Thumb Code     2  stm32l4xx_it.o(i.RCC_IRQHandler)
    RTC_Alarm_IRQHandler                     0x08002ff9   Thumb Code     6  stm32l4xx_it.o(i.RTC_Alarm_IRQHandler)
    RTC_Bcd2ToByte                           0x08003005   Thumb Code    18  stm32l4xx_hal_rtc.o(i.RTC_Bcd2ToByte)
    RTC_ByteToBcd2                           0x08003017   Thumb Code    24  stm32l4xx_hal_rtc.o(i.RTC_ByteToBcd2)
    RTC_EnterInitMode                        0x08003031   Thumb Code    70  stm32l4xx_hal_rtc.o(i.RTC_EnterInitMode)
    RTC_ExitInitMode                         0x08003079   Thumb Code    82  stm32l4xx_hal_rtc.o(i.RTC_ExitInitMode)
    Refresh_RTC_Struct                       0x080030d1   Thumb Code    26  rtc_user.o(i.Refresh_RTC_Struct)
    Reset_RTC_Time                           0x080030f9   Thumb Code    10  rtc_user.o(i.Reset_RTC_Time)
    SET_alarm                                0x08003109   Thumb Code    56  rtc_user.o(i.SET_alarm)
    SVC_Handler                              0x0800314d   Thumb Code     2  stm32l4xx_it.o(i.SVC_Handler)
    SysTick_Handler                          0x0800314f   Thumb Code     4  stm32l4xx_it.o(i.SysTick_Handler)
    SystemClock_Config                       0x08003155   Thumb Code   134  main.o(i.SystemClock_Config)
    SystemInit                               0x080031e1   Thumb Code    12  system_stm32l4xx.o(i.SystemInit)
    UART_AdvFeatureConfig                    0x080031f1   Thumb Code   200  stm32l4xx_hal_uart.o(i.UART_AdvFeatureConfig)
    UART_CheckIdleState                      0x080032b9   Thumb Code   168  stm32l4xx_hal_uart.o(i.UART_CheckIdleState)
    UART_SetConfig                           0x08003551   Thumb Code   448  stm32l4xx_hal_uart.o(i.UART_SetConfig)
    UART_Start_Receive_IT                    0x0800372d   Thumb Code   174  stm32l4xx_hal_uart.o(i.UART_Start_Receive_IT)
    UART_WaitOnFlagUntilTimeout              0x080037e5   Thumb Code   148  stm32l4xx_hal_uart.o(i.UART_WaitOnFlagUntilTimeout)
    USART1_IRQHandler                        0x08003879   Thumb Code     6  stm32l4xx_it.o(i.USART1_IRQHandler)
    UsageFault_Handler                       0x08003885   Thumb Code     2  stm32l4xx_it.o(i.UsageFault_Handler)
    UserItem_Exit_1                          0x08003887   Thumb Code     2  useritem.o(i.UserItem_Exit_1)
    UserItem_Exit_2                          0x08003889   Thumb Code    10  useritem.o(i.UserItem_Exit_2)
    UserItem_Exit_3                          0x08003899   Thumb Code    10  useritem.o(i.UserItem_Exit_3)
    UserItem_Exit_4                          0x080038a9   Thumb Code    10  useritem.o(i.UserItem_Exit_4)
    UserItem_Exit_5                          0x080038b9   Thumb Code    10  useritem.o(i.UserItem_Exit_5)
    UserItem_Exit_6                          0x080038c9   Thumb Code    12  useritem.o(i.UserItem_Exit_6)
    UserItem_Exit_7                          0x080038d9   Thumb Code     2  useritem.o(i.UserItem_Exit_7)
    UserItem_Init_1                          0x080038dd   Thumb Code    12  useritem.o(i.UserItem_Init_1)
    UserItem_Init_2                          0x080038ed   Thumb Code    16  useritem.o(i.UserItem_Init_2)
    UserItem_Init_3                          0x08003905   Thumb Code    16  useritem.o(i.UserItem_Init_3)
    UserItem_Init_4                          0x0800391d   Thumb Code    16  useritem.o(i.UserItem_Init_4)
    UserItem_Init_5                          0x08003935   Thumb Code    16  useritem.o(i.UserItem_Init_5)
    UserItem_Init_6                          0x0800394d   Thumb Code    12  useritem.o(i.UserItem_Init_6)
    UserItem_Init_7                          0x0800395d   Thumb Code     2  useritem.o(i.UserItem_Init_7)
    UserItem_Loop_1                          0x08003961   Thumb Code  1496  useritem.o(i.UserItem_Loop_1)
    UserItem_Loop_2                          0x08003f69   Thumb Code   122  useritem.o(i.UserItem_Loop_2)
    UserItem_Loop_3                          0x08004009   Thumb Code   122  useritem.o(i.UserItem_Loop_3)
    UserItem_Loop_4                          0x080040a9   Thumb Code   124  useritem.o(i.UserItem_Loop_4)
    UserItem_Loop_5                          0x08004149   Thumb Code   124  useritem.o(i.UserItem_Loop_5)
    UserItem_Loop_6                          0x080041e9   Thumb Code   172  useritem.o(i.UserItem_Loop_6)
    UserItem_Loop_7                          0x0800432d   Thumb Code   130  useritem.o(i.UserItem_Loop_7)
    __0sprintf$6                             0x080043f9   Thumb Code    34  printf6.o(i.__0sprintf$6)
    __1sprintf$6                             0x080043f9   Thumb Code     0  printf6.o(i.__0sprintf$6)
    __2sprintf                               0x080043f9   Thumb Code     0  printf6.o(i.__0sprintf$6)
    __aeabi_errno_addr                       0x08004441   Thumb Code     4  errno.o(i.__aeabi_errno_addr)
    __rt_errno_addr                          0x08004441   Thumb Code     0  errno.o(i.__aeabi_errno_addr)
    __hardfp_ceilf                           0x08004449   Thumb Code    98  ceilf.o(i.__hardfp_ceilf)
    __mathlib_ceilf                          0x08004449   Thumb Code     0  ceilf.o(i.__hardfp_ceilf)
    __hardfp_floorf                          0x080044b5   Thumb Code    98  floorf.o(i.__hardfp_floorf)
    __scatterload_copy                       0x08004525   Thumb Code    14  handlers.o(i.__scatterload_copy)
    __scatterload_null                       0x08004533   Thumb Code     2  handlers.o(i.__scatterload_null)
    __scatterload_zeroinit                   0x08004535   Thumb Code    14  handlers.o(i.__scatterload_zeroinit)
    astra_animation                          0x08004899   Thumb Code    58  astra_ui_core.o(i.astra_animation)
    astra_bind_item_to_selector              0x080048d9   Thumb Code    72  astra_ui_item.o(i.astra_bind_item_to_selector)
    astra_bind_selector_to_camera            0x0800492d   Thumb Code    10  astra_ui_item.o(i.astra_bind_selector_to_camera)
    astra_draw_exit_animation                0x0800493d   Thumb Code   746  astra_ui_drawer.o(i.astra_draw_exit_animation)
    astra_draw_info_bar                      0x08004c4d   Thumb Code   442  astra_ui_drawer.o(i.astra_draw_info_bar)
    astra_draw_list                          0x08004e19   Thumb Code    18  astra_ui_drawer.o(i.astra_draw_list)
    astra_draw_list_appearance               0x08004e2d   Thumb Code   458  astra_ui_drawer.o(i.astra_draw_list_appearance)
    astra_draw_list_item                     0x08005011   Thumb Code   746  astra_ui_drawer.o(i.astra_draw_list_item)
    astra_draw_pop_up                        0x08005321   Thumb Code   510  astra_ui_drawer.o(i.astra_draw_pop_up)
    astra_draw_selector                      0x08005531   Thumb Code   284  astra_ui_drawer.o(i.astra_draw_selector)
    astra_draw_widget                        0x0800565d   Thumb Code    14  astra_ui_drawer.o(i.astra_draw_widget)
    astra_exit_animation                     0x0800566d   Thumb Code    58  astra_ui_drawer.o(i.astra_exit_animation)
    astra_get_root_list                      0x080056ad   Thumb Code    36  astra_ui_item.o(i.astra_get_root_list)
    astra_get_selector                       0x080056dd   Thumb Code     4  astra_ui_item.o(i.astra_get_selector)
    astra_init_core                          0x080056e5   Thumb Code    26  astra_ui_core.o(i.astra_init_core)
    astra_init_list                          0x08005701   Thumb Code    76  astra_ui_core.o(i.astra_init_list)
    astra_new_list_item                      0x08005759   Thumb Code    28  astra_ui_item.o(i.astra_new_list_item)
    astra_new_slider_item                    0x08005775   Thumb Code    58  astra_ui_item.o(i.astra_new_slider_item)
    astra_new_user_item                      0x080057af   Thumb Code    46  astra_ui_item.o(i.astra_new_user_item)
    astra_push_item_to_list                  0x080057dd   Thumb Code   126  astra_ui_item.o(i.astra_push_item_to_list)
    astra_push_pop_up                        0x08005869   Thumb Code    70  astra_ui_item.o(i.astra_push_pop_up)
    astra_refresh_camera_position            0x080058bd   Thumb Code   124  astra_ui_core.o(i.astra_refresh_camera_position)
    astra_refresh_info_bar                   0x08005945   Thumb Code    40  astra_ui_core.o(i.astra_refresh_info_bar)
    astra_refresh_list_item_position         0x08005979   Thumb Code    52  astra_ui_core.o(i.astra_refresh_list_item_position)
    astra_refresh_pop_up                     0x080059b5   Thumb Code    40  astra_ui_core.o(i.astra_refresh_pop_up)
    astra_refresh_selector_position          0x080059e9   Thumb Code   148  astra_ui_core.o(i.astra_refresh_selector_position)
    astra_refresh_widget_core_position       0x08005a95   Thumb Code    14  astra_ui_core.o(i.astra_refresh_widget_core_position)
    astra_selector_exit_current_item         0x08005aa5   Thumb Code   196  astra_ui_item.o(i.astra_selector_exit_current_item)
    astra_selector_go_next_item              0x08005b79   Thumb Code   118  astra_ui_item.o(i.astra_selector_go_next_item)
    astra_selector_go_prev_item              0x08005bf5   Thumb Code   182  astra_ui_item.o(i.astra_selector_go_prev_item)
    astra_selector_jump_to_selected_item     0x08005cd5   Thumb Code   258  astra_ui_item.o(i.astra_selector_jump_to_selected_item)
    astra_set_font                           0x08005e1d   Thumb Code    18  astra_ui_item.o(i.astra_set_font)
    astra_to_slider_item                     0x08005e39   Thumb Code    14  astra_ui_item.o(i.astra_to_slider_item)
    astra_to_switch_item                     0x08005e47   Thumb Code    14  astra_ui_item.o(i.astra_to_switch_item)
    astra_to_user_item                       0x08005e55   Thumb Code    14  astra_ui_item.o(i.astra_to_user_item)
    astra_ui_driver_init                     0x08005e65   Thumb Code     6  astra_ui_draw_driver.o(i.astra_ui_driver_init)
    astra_ui_main_core                       0x08005e71   Thumb Code   230  astra_ui_core.o(i.astra_ui_main_core)
    astra_ui_widget_core                     0x08005f85   Thumb Code    14  astra_ui_core.o(i.astra_ui_widget_core)
    esp8266_ask_time                         0x08005f95   Thumb Code   200  esp8266.o(i.esp8266_ask_time)
    esp8266_send_cmd                         0x0800609d   Thumb Code    50  esp8266.o(i.esp8266_send_cmd)
    esp8266_start_trans                      0x080060d9   Thumb Code   134  esp8266.o(i.esp8266_start_trans)
    main                                     0x080061d9   Thumb Code   402  main.o(i.main)
    malloc                                   0x0800644d   Thumb Code    92  malloc.o(i.malloc)
    u2_printf                                0x080064b9   Thumb Code    74  esp8266.o(i.u2_printf)
    u8g2_ClearBuffer                         0x08006509   Thumb Code    20  u8g2_buffer.o(i.u8g2_ClearBuffer)
    u8g2_ClearDisplay                        0x0800651d   Thumb Code    30  u8g2_cleardisplay.o(i.u8g2_ClearDisplay)
    u8g2_DrawBox                             0x0800653b   Thumb Code    68  u8g2_box.o(i.u8g2_DrawBox)
    u8g2_DrawCircle                          0x0800657f   Thumb Code    64  u8g2_circle.o(i.u8g2_DrawCircle)
    u8g2_DrawDisc                            0x080065bf   Thumb Code    64  u8g2_circle.o(i.u8g2_DrawDisc)
    u8g2_DrawFrame                           0x080065ff   Thumb Code   136  u8g2_box.o(i.u8g2_DrawFrame)
    u8g2_DrawGlyph                           0x0800668d   Thumb Code   112  u8g2_font.o(i.u8g2_DrawGlyph)
    u8g2_DrawHLine                           0x080066fd   Thumb Code    12  u8g2_hvline.o(i.u8g2_DrawHLine)
    u8g2_DrawHVLine                          0x08006709   Thumb Code   172  u8g2_hvline.o(i.u8g2_DrawHVLine)
    u8g2_DrawHXBMP                           0x080067b5   Thumb Code   172  u8g2_bitmap.o(i.u8g2_DrawHXBMP)
    u8g2_DrawPixel                           0x08006867   Thumb Code    46  u8g2_hvline.o(i.u8g2_DrawPixel)
    u8g2_DrawRBox                            0x08006895   Thumb Code   230  u8g2_box.o(i.u8g2_DrawRBox)
    u8g2_DrawStr                             0x08006981   Thumb Code    12  u8g2_font.o(i.u8g2_DrawStr)
    u8g2_DrawUTF8                            0x08006991   Thumb Code    12  u8g2_font.o(i.u8g2_DrawUTF8)
    u8g2_DrawVLine                           0x080069a1   Thumb Code    12  u8g2_hvline.o(i.u8g2_DrawVLine)
    u8g2_DrawXBMP                            0x080069ad   Thumb Code    76  u8g2_bitmap.o(i.u8g2_DrawXBMP)
    u8g2_FirstPage                           0x080069ff   Thumb Code    28  u8g2_buffer.o(i.u8g2_FirstPage)
    u8g2_GetGlyphWidth                       0x08006a1b   Thumb Code    62  u8g2_font.o(i.u8g2_GetGlyphWidth)
    u8g2_GetStrWidth                         0x08006a59   Thumb Code     8  u8g2_font.o(i.u8g2_GetStrWidth)
    u8g2_GetUTF8Width                        0x08006a65   Thumb Code     8  u8g2_font.o(i.u8g2_GetUTF8Width)
    u8g2_IsIntersection                      0x08006a71   Thumb Code    48  u8g2_intersection.o(i.u8g2_IsIntersection)
    u8g2_NextPage                            0x08006aa1   Thumb Code    62  u8g2_buffer.o(i.u8g2_NextPage)
    u8g2_SendBuffer                          0x08006adf   Thumb Code    18  u8g2_buffer.o(i.u8g2_SendBuffer)
    u8g2_SetBufferCurrTileRow                0x08006af1   Thumb Code    28  u8g2_buffer.o(i.u8g2_SetBufferCurrTileRow)
    u8g2_SetDrawColor                        0x08006b0d   Thumb Code    16  u8g2_hvline.o(i.u8g2_SetDrawColor)
    u8g2_SetFont                             0x08006b1d   Thumb Code    32  u8g2_font.o(i.u8g2_SetFont)
    u8g2_SetFontDirection                    0x08006b3d   Thumb Code     6  u8g2_font.o(i.u8g2_SetFontDirection)
    u8g2_SetFontMode                         0x08006b43   Thumb Code     6  u8g2_font.o(i.u8g2_SetFontMode)
    u8g2_SetFontPosBaseline                  0x08006b49   Thumb Code     6  u8g2_font.o(i.u8g2_SetFontPosBaseline)
    u8g2_SetMaxClipWindow                    0x08006b55   Thumb Code    28  u8g2_setup.o(i.u8g2_SetMaxClipWindow)
    u8g2_SetupBuffer                         0x08006b71   Thumb Code    70  u8g2_setup.o(i.u8g2_SetupBuffer)
    u8g2_Setup_ssd1306_i2c_128x64_noname_f   0x08006bb9   Thumb Code    42  u8g2_d_setup.o(i.u8g2_Setup_ssd1306_i2c_128x64_noname_f)
    u8g2_UpdateRefHeight                     0x08006bf1   Thumb Code    82  u8g2_font.o(i.u8g2_UpdateRefHeight)
    u8g2_add_vector_x                        0x08006c43   Thumb Code    28  u8g2_font.o(i.u8g2_add_vector_x)
    u8g2_add_vector_y                        0x08006c5f   Thumb Code    28  u8g2_font.o(i.u8g2_add_vector_y)
    u8g2_draw_hv_line_2dir                   0x08006fab   Thumb Code    18  u8g2_hvline.o(i.u8g2_draw_hv_line_2dir)
    u8g2_draw_l90_r0                         0x08006fbd   Thumb Code    12  u8g2_setup.o(i.u8g2_draw_l90_r0)
    u8g2_font_calc_vref_font                 0x0800703f   Thumb Code     4  u8g2_font.o(i.u8g2_font_calc_vref_font)
    u8g2_font_decode_get_signed_bits         0x08007043   Thumb Code    20  u8g2_font.o(i.u8g2_font_decode_get_signed_bits)
    u8g2_font_decode_get_unsigned_bits       0x08007057   Thumb Code    52  u8g2_font.o(i.u8g2_font_decode_get_unsigned_bits)
    u8g2_font_decode_glyph                   0x0800708d   Thumb Code   276  u8g2_font.o(i.u8g2_font_decode_glyph)
    u8g2_font_decode_len                     0x080071a1   Thumb Code   140  u8g2_font.o(i.u8g2_font_decode_len)
    u8g2_font_get_glyph_data                 0x08007233   Thumb Code   114  u8g2_font.o(i.u8g2_font_get_glyph_data)
    u8g2_gpio_and_delay_stm32                0x080072ed   Thumb Code    32  astra_ui_draw_driver.o(i.u8g2_gpio_and_delay_stm32)
    u8g2_init                                0x0800730d   Thumb Code    68  astra_ui_draw_driver.o(i.u8g2_init)
    u8g2_is_intersection_decision_tree       0x08007361   Thumb Code    24  u8g2_intersection.o(i.u8g2_is_intersection_decision_tree)
    u8g2_ll_hvline_vertical_top_lsb          0x08007379   Thumb Code   144  u8g2_ll_hvline.o(i.u8g2_ll_hvline_vertical_top_lsb)
    u8g2_m_16_8_f                            0x08007409   Thumb Code     8  u8g2_d_memory.o(i.u8g2_m_16_8_f)
    u8g2_read_font_info                      0x08007415   Thumb Code   106  u8g2_font.o(i.u8g2_read_font_info)
    u8g2_update_dimension_r0                 0x08007587   Thumb Code     4  u8g2_setup.o(i.u8g2_update_dimension_r0)
    u8g2_update_page_win_r0                  0x0800758b   Thumb Code    34  u8g2_setup.o(i.u8g2_update_page_win_r0)
    u8x8_DrawTile                            0x080075ad   Thumb Code    30  u8x8_display.o(i.u8x8_DrawTile)
    u8x8_InitDisplay                         0x080075cb   Thumb Code    16  u8x8_display.o(i.u8x8_InitDisplay)
    u8x8_RefreshDisplay                      0x080075db   Thumb Code    16  u8x8_display.o(i.u8x8_RefreshDisplay)
    u8x8_SetPowerSave                        0x080075eb   Thumb Code    16  u8x8_display.o(i.u8x8_SetPowerSave)
    u8x8_Setup                               0x080075fb   Thumb Code    34  u8x8_setup.o(i.u8x8_Setup)
    u8x8_SetupDefaults                       0x0800761d   Thumb Code    32  u8x8_setup.o(i.u8x8_SetupDefaults)
    u8x8_SetupMemory                         0x08007641   Thumb Code    16  u8x8_display.o(i.u8x8_SetupMemory)
    u8x8_ascii_next                          0x08007651   Thumb Code    14  u8x8_8x8.o(i.u8x8_ascii_next)
    u8x8_byte_EndTransfer                    0x0800765f   Thumb Code    16  u8x8_byte.o(i.u8x8_byte_EndTransfer)
    u8x8_byte_SendByte                       0x0800766f   Thumb Code    14  u8x8_byte.o(i.u8x8_byte_SendByte)
    u8x8_byte_StartTransfer                  0x0800767d   Thumb Code    16  u8x8_byte.o(i.u8x8_byte_StartTransfer)
    u8x8_byte_hw_i2c                         0x0800768d   Thumb Code    80  astra_ui_draw_driver.o(i.u8x8_byte_hw_i2c)
    u8x8_cad_EndTransfer                     0x080076e9   Thumb Code    16  u8x8_cad.o(i.u8x8_cad_EndTransfer)
    u8x8_cad_SendArg                         0x080076f9   Thumb Code    16  u8x8_cad.o(i.u8x8_cad_SendArg)
    u8x8_cad_SendCmd                         0x08007709   Thumb Code    16  u8x8_cad.o(i.u8x8_cad_SendCmd)
    u8x8_cad_SendData                        0x08007719   Thumb Code    16  u8x8_cad.o(i.u8x8_cad_SendData)
    u8x8_cad_SendSequence                    0x08007729   Thumb Code   104  u8x8_cad.o(i.u8x8_cad_SendSequence)
    u8x8_cad_StartTransfer                   0x08007791   Thumb Code    16  u8x8_cad.o(i.u8x8_cad_StartTransfer)
    u8x8_cad_ssd13xx_fast_i2c                0x080077a1   Thumb Code   182  u8x8_cad.o(i.u8x8_cad_ssd13xx_fast_i2c)
    u8x8_d_helper_display_init               0x0800785d   Thumb Code    96  u8x8_display.o(i.u8x8_d_helper_display_init)
    u8x8_d_helper_display_setup_memory       0x080078bd   Thumb Code    10  u8x8_display.o(i.u8x8_d_helper_display_setup_memory)
    u8x8_d_ssd1306_128x64_noname             0x080078c9   Thumb Code    52  u8x8_d_ssd1306_128x64_noname.o(i.u8x8_d_ssd1306_128x64_noname)
    u8x8_dummy_cb                            0x080079cd   Thumb Code     4  u8x8_setup.o(i.u8x8_dummy_cb)
    u8x8_gpio_call                           0x080079d1   Thumb Code    12  u8x8_gpio.o(i.u8x8_gpio_call)
    u8x8_utf8_init                           0x08007a09   Thumb Code     8  u8x8_8x8.o(i.u8x8_utf8_init)
    u8x8_utf8_next                           0x08007a11   Thumb Code   144  u8x8_8x8.o(i.u8x8_utf8_next)
    AHBPrescTable                            0x08007aa0   Data          16  system_stm32l4xx.o(.constdata)
    MSIRangeTable                            0x08007ab0   Data          48  system_stm32l4xx.o(.constdata)
    APBPrescTable                            0x08007ae0   Data           8  system_stm32l4xx.o(.constdata)
    epd_bitmap_frame_00_delay_0              0x08007b18   Data        1024  useritem.o(.constdata)
    epd_bitmap_frame_01_delay_0              0x08007f18   Data        1024  useritem.o(.constdata)
    epd_bitmap_frame_02_delay_0              0x08008318   Data        1024  useritem.o(.constdata)
    epd_bitmap_frame_03_delay_0              0x08008718   Data        1024  useritem.o(.constdata)
    epd_bitmap_frame_04_delay_0              0x08008b18   Data        1024  useritem.o(.constdata)
    epd_bitmap_frame_05_delay_0              0x08008f18   Data        1024  useritem.o(.constdata)
    epd_bitmap_frame_06_delay_0              0x08009318   Data        1024  useritem.o(.constdata)
    epd_bitmap_frame_07_delay_0              0x08009718   Data        1024  useritem.o(.constdata)
    epd_bitmap_frame_08_delay_0              0x08009b18   Data        1024  useritem.o(.constdata)
    epd_bitmap_frame_09_delay_0              0x08009f18   Data        1024  useritem.o(.constdata)
    epd_bitmap_frame_10_delay_0              0x0800a318   Data        1024  useritem.o(.constdata)
    epd_bitmap_frame_11_delay_0              0x0800a718   Data        1024  useritem.o(.constdata)
    epd_bitmap_frame_12_delay_0              0x0800ab18   Data        1024  useritem.o(.constdata)
    epd_bitmap_frame_13_delay_0              0x0800af18   Data        1024  useritem.o(.constdata)
    epd_bitmap_frame_14_delay_0              0x0800b318   Data        1024  useritem.o(.constdata)
    epd_bitmap_frame_15_delay_0              0x0800b718   Data        1024  useritem.o(.constdata)
    epd_bitmap_frame_16_delay_0              0x0800bb18   Data        1024  useritem.o(.constdata)
    epd_bitmap_frame_17_delay_0              0x0800bf18   Data        1024  useritem.o(.constdata)
    epd_bitmap_frame_18_delay_0              0x0800c318   Data        1024  useritem.o(.constdata)
    epd_bitmap_frame_19_delay_0              0x0800c718   Data        1024  useritem.o(.constdata)
    epd_bitmap_frame_20_delay_0              0x0800cb18   Data        1024  useritem.o(.constdata)
    epd_bitmap_frame_21_delay_0              0x0800cf18   Data        1024  useritem.o(.constdata)
    epd_bitmap_frame_22_delay_0              0x0800d318   Data        1024  useritem.o(.constdata)
    epd_bitmap_frame_23_delay_0              0x0800d718   Data        1024  useritem.o(.constdata)
    epd_bitmap_frame_24_delay_0              0x0800db18   Data        1024  useritem.o(.constdata)
    epd_bitmap_frame_25_delay_0              0x0800df18   Data        1024  useritem.o(.constdata)
    epd_bitmap_frame_26_delay_0              0x0800e318   Data        1024  useritem.o(.constdata)
    epd_bitmap_frame_27_delay_0              0x0800e718   Data        1024  useritem.o(.constdata)
    epd_bitmap_frame_28_delay_0              0x0800eb18   Data        1024  useritem.o(.constdata)
    epd_bitmap_frame_29_delay_0              0x0800ef18   Data        1024  useritem.o(.constdata)
    epd_bitmap_frame_30_delay_0              0x0800f318   Data        1024  useritem.o(.constdata)
    epd_bitmap_frame_31_delay_0              0x0800f718   Data        1024  useritem.o(.constdata)
    epd_bitmap_frame_32_delay_0              0x0800fb18   Data        1024  useritem.o(.constdata)
    epd_bitmap_frame_33_delay_0              0x0800ff18   Data        1024  useritem.o(.constdata)
    epd_bitmap_frame_34_delay_0              0x08010318   Data        1024  useritem.o(.constdata)
    epd_bitmap_frame_35_delay_0              0x08010718   Data        1024  useritem.o(.constdata)
    epd_bitmap_frame_36_delay_0              0x08010b18   Data        1024  useritem.o(.constdata)
    epd_bitmap_frame_37_delay_0              0x08010f18   Data        1024  useritem.o(.constdata)
    epd_bitmap_frame_38_delay_0              0x08011318   Data        1024  useritem.o(.constdata)
    epd_bitmap_frame_39_delay_0              0x08011718   Data        1024  useritem.o(.constdata)
    epd_bitmap_frame_40_delay_0              0x08011b18   Data        1024  useritem.o(.constdata)
    epd_bitmap_frame_41_delay_0              0x08011f18   Data        1024  useritem.o(.constdata)
    u8g2_font_5x7_tr                         0x08012318   Data         804  u8g2_fonts.o(.constdata)
    u8g2_font_wqy12_t_chinese1               0x0801263c   Data        9391  u8g2_fonts.o(.constdata)
    u8g2_font_logisoso42_tn                  0x08014aeb   Data         724  u8g2_fonts.o(.constdata)
    u8g2_font_logisoso46_tf                  0x08014dbf   Data        8679  u8g2_fonts.o(.constdata)
    u8g2_font_logisoso50_tn                  0x08016fa6   Data         851  u8g2_fonts.o(.constdata)
    u8g2_cb_r0                               0x080172fc   Data          12  u8g2_setup.o(.constdata)
    __ctype_table                            0x08017460   Data         129  ctype_o.o(.constdata)
    Region$$Table$$Base                      0x080174e8   Number         0  anon$$obj.o(Region$$Table)
    Region$$Table$$Limit                     0x08017508   Number         0  anon$$obj.o(Region$$Table)
    aRxBuffer                                0x20000000   Data           1  main.o(.data)
    receive_flag                             0x20000001   Data           1  main.o(.data)
    Hours                                    0x20000004   Data           2  main.o(.data)
    Minutes                                  0x20000006   Data           2  main.o(.data)
    Seconds                                  0x20000008   Data           2  main.o(.data)
    Uart1_Rx_Cnt                             0x2000000a   Data           2  main.o(.data)
    Hour_Setting_Flag                        0x2000000c   Data           1  main.o(.data)
    Minute_Setting_Flag                      0x2000000d   Data           1  main.o(.data)
    Second_Setting_Flag                      0x2000000e   Data           1  main.o(.data)
    week                                     0x20000010   Data           4  main.o(.data)
    month                                    0x20000014   Data           4  main.o(.data)
    date                                     0x20000018   Data           4  main.o(.data)
    uwTickFreq                               0x2000001c   Data           1  stm32l4xx_hal.o(.data)
    uwTickPrio                               0x20000020   Data           4  stm32l4xx_hal.o(.data)
    uwTick                                   0x20000024   Data           4  stm32l4xx_hal.o(.data)
    SystemCoreClock                          0x20000028   Data           4  system_stm32l4xx.o(.data)
    in_astra                                 0x2000002c   Data           1  astra_ui_core.o(.data)
    astra_exit_animation_status              0x20000030   Data           1  astra_ui_drawer.o(.data)
    astra_exit_animation_finished            0x20000044   Data           1  astra_ui_item.o(.data)
    astra_info_bar                           0x20000050   Data          36  astra_ui_item.o(.data)
    astra_pop_up                             0x20000074   Data          36  astra_ui_item.o(.data)
    if24timesys                              0x20000098   Data           1  useritem.o(.data)
    ErrorCode1                               0x20000099   Data           1  useritem.o(.data)
    Times                                    0x2000009a   Data           1  useritem.o(.data)
    ErrorCode2                               0x2000009b   Data           1  useritem.o(.data)
    Last_tick                                0x2000009c   Data           1  useritem.o(.data)
    time_start                               0x200000a0   Data           4  useritem.o(.data)
    epd_bitmap_allArray                      0x200000b0   Data         168  useritem.o(.data)
    bias                                     0x2000015e   Data           1  rtc_user.o(.data)
    SecondTick                               0x2000015f   Data           1  rtc_user.o(.data)
    GetDate                                  0x20000160   Data           4  rtc_user.o(.data)
    __microlib_freelist                      0x20000168   Data           4  mvars.o(.data)
    __microlib_freelist_initialised          0x2000016c   Data           4  mvars.o(.data)
    RxBuffer                                 0x20000174   Data        2048  main.o(.bss)
    my_order                                 0x20000974   Data          15  main.o(.bss)
    hi2c3                                    0x20000984   Data          84  i2c.o(.bss)
    hrtc                                     0x200009d8   Data          36  rtc.o(.bss)
    huart1                                   0x200009fc   Data         136  usart.o(.bss)
    u8g2                                     0x20000aa4   Data         148  astra_ui_draw_driver.o(.bss)
    astra_selector                           0x20000b38   Data          32  astra_ui_item.o(.bss)
    astra_camera                             0x20000b58   Data          20  astra_ui_item.o(.bss)
    GetTime                                  0x20000fa8   Data          20  rtc_user.o(.bss)
    sAlarm                                   0x20000fbc   Data          44  rtc_user.o(.bss)
    __heap_base                              0x20000fe8   Data           0  startup_stm32l432xx.o(HEAP)
    __heap_limit                             0x20001fe8   Data           0  startup_stm32l432xx.o(HEAP)
    __initial_sp                             0x20002fe8   Data           0  startup_stm32l432xx.o(STACK)



==============================================================================

Memory Map of the image

  Image Entry point : 0x0800018d

  Load Region LR_IROM1 (Base: 0x08000000, Size: 0x0001767c, Max: 0x00040000, ABSOLUTE, COMPRESSED[0x000175c0])

    Execution Region ER_IROM1 (Exec base: 0x08000000, Load base: 0x08000000, Size: 0x00017508, Max: 0x00040000, ABSOLUTE)

    Exec Addr    Load Addr    Size         Type   Attr      Idx    E Section Name        Object

    0x08000000   0x08000000   0x0000018c   Data   RO            3    RESET               startup_stm32l432xx.o
    0x0800018c   0x0800018c   0x00000000   Code   RO         8297  * .ARM.Collect$$$$00000000  mc_w.l(entry.o)
    0x0800018c   0x0800018c   0x00000004   Code   RO         8609    .ARM.Collect$$$$00000001  mc_w.l(entry2.o)
    0x08000190   0x08000190   0x00000004   Code   RO         8612    .ARM.Collect$$$$00000004  mc_w.l(entry5.o)
    0x08000194   0x08000194   0x00000000   Code   RO         8614    .ARM.Collect$$$$00000008  mc_w.l(entry7b.o)
    0x08000194   0x08000194   0x00000000   Code   RO         8616    .ARM.Collect$$$$0000000A  mc_w.l(entry8b.o)
    0x08000194   0x08000194   0x00000008   Code   RO         8617    .ARM.Collect$$$$0000000B  mc_w.l(entry9a.o)
    0x0800019c   0x0800019c   0x00000000   Code   RO         8619    .ARM.Collect$$$$0000000D  mc_w.l(entry10a.o)
    0x0800019c   0x0800019c   0x00000000   Code   RO         8621    .ARM.Collect$$$$0000000F  mc_w.l(entry11a.o)
    0x0800019c   0x0800019c   0x00000004   Code   RO         8610    .ARM.Collect$$$$00002712  mc_w.l(entry2.o)
    0x080001a0   0x080001a0   0x00000024   Code   RO            4    .text               startup_stm32l432xx.o
    0x080001c4   0x080001c4   0x00000068   Code   RO         8300    .text               mc_w.l(uldiv.o)
    0x0800022c   0x0800022c   0x00000024   Code   RO         8302    .text               mc_w.l(memcpya.o)
    0x08000250   0x08000250   0x00000024   Code   RO         8304    .text               mc_w.l(memseta.o)
    0x08000274   0x08000274   0x00000024   Code   RO         8306    .text               mc_w.l(strstr.o)
    0x08000298   0x08000298   0x0000001e   Code   RO         8308    .text               mc_w.l(strncmp.o)
    0x080002b6   0x080002b6   0x00000002   PAD
    0x080002b8   0x080002b8   0x00000044   Code   RO         8310    .text               mc_w.l(strtok.o)
    0x080002fc   0x080002fc   0x0000001a   Code   RO         8607    .text               mc_w.l(atoi.o)
    0x08000316   0x08000316   0x0000002c   Code   RO         8626    .text               mc_w.l(uidiv.o)
    0x08000342   0x08000342   0x0000001e   Code   RO         8628    .text               mc_w.l(llshl.o)
    0x08000360   0x08000360   0x00000020   Code   RO         8630    .text               mc_w.l(llushr.o)
    0x08000380   0x08000380   0x00000070   Code   RO         8641    .text               mc_w.l(strtol.o)
    0x080003f0   0x080003f0   0x00000000   Code   RO         8643    .text               mc_w.l(iusefp.o)
    0x080003f0   0x080003f0   0x00000024   Code   RO         8654    .text               mc_w.l(init.o)
    0x08000414   0x08000414   0x00000008   Code   RO         8659    .text               mc_w.l(ctype_o.o)
    0x0800041c   0x0800041c   0x000000a4   Code   RO         8687    .text               mc_w.l(_strtoul.o)
    0x080004c0   0x080004c0   0x0000001c   Code   RO         8692    .text               mc_w.l(_chval.o)
    0x080004dc   0x080004dc   0x00000056   Code   RO         8702    .text               mc_w.l(__dczerorl2.o)
    0x08000532   0x08000532   0x00000002   Code   RO          376    i.BusFault_Handler  stm32l4xx_it.o
    0x08000534   0x08000534   0x00000002   Code   RO          377    i.DebugMon_Handler  stm32l4xx_it.o
    0x08000536   0x08000536   0x00000006   Code   RO          378    i.EXTI1_IRQHandler  stm32l4xx_it.o
    0x0800053c   0x0800053c   0x00000006   Code   RO          379    i.EXTI3_IRQHandler  stm32l4xx_it.o
    0x08000542   0x08000542   0x00000006   Code   RO          380    i.EXTI4_IRQHandler  stm32l4xx_it.o
    0x08000548   0x08000548   0x00000006   Code   RO          381    i.EXTI9_5_IRQHandler  stm32l4xx_it.o
    0x0800054e   0x0800054e   0x00000004   Code   RO           13    i.Error_Handler     main.o
    0x08000552   0x08000552   0x00000002   PAD
    0x08000554   0x08000554   0x00000010   Code   RO         8106    i.Get_RTC_Hour      rtc_user.o
    0x08000564   0x08000564   0x0000000c   Code   RO         8109    i.Get_RTC_Min       rtc_user.o
    0x08000570   0x08000570   0x0000000c   Code   RO         8112    i.Get_RTC_Sec       rtc_user.o
    0x0800057c   0x0800057c   0x0000004a   Code   RO         1826    i.HAL_DMA_Abort     stm32l4xx_hal_dma.o
    0x080005c6   0x080005c6   0x0000004e   Code   RO         1827    i.HAL_DMA_Abort_IT  stm32l4xx_hal_dma.o
    0x08000614   0x08000614   0x00000006   Code   RO         1830    i.HAL_DMA_GetState  stm32l4xx_hal_dma.o
    0x0800061a   0x0800061a   0x00000002   PAD
    0x0800061c   0x0800061c   0x00000024   Code   RO         1069    i.HAL_Delay         stm32l4xx_hal.o
    0x08000640   0x08000640   0x00000070   Code   RO          382    i.HAL_GPIO_EXTI_Callback  stm32l4xx_it.o
    0x080006b0   0x080006b0   0x00000018   Code   RO         1761    i.HAL_GPIO_EXTI_IRQHandler  stm32l4xx_hal_gpio.o
    0x080006c8   0x080006c8   0x00000202   Code   RO         1762    i.HAL_GPIO_Init     stm32l4xx_hal_gpio.o
    0x080008ca   0x080008ca   0x0000000a   Code   RO         1764    i.HAL_GPIO_ReadPin  stm32l4xx_hal_gpio.o
    0x080008d4   0x080008d4   0x0000000c   Code   RO         1073    i.HAL_GetTick       stm32l4xx_hal.o
    0x080008e0   0x080008e0   0x00000056   Code   RO         1008    i.HAL_I2CEx_ConfigAnalogFilter  stm32l4xx_hal_i2c_ex.o
    0x08000936   0x08000936   0x00000052   Code   RO         1009    i.HAL_I2CEx_ConfigDigitalFilter  stm32l4xx_hal_i2c_ex.o
    0x08000988   0x08000988   0x00000028   Code   RO         1012    i.HAL_I2CEx_EnableFastModePlus  stm32l4xx_hal_i2c_ex.o
    0x080009b0   0x080009b0   0x00000002   Code   RO          536    i.HAL_I2C_AbortCpltCallback  stm32l4xx_hal_i2c.o
    0x080009b2   0x080009b2   0x00000002   Code   RO          537    i.HAL_I2C_AddrCallback  stm32l4xx_hal_i2c.o
    0x080009b4   0x080009b4   0x00000068   Code   RO          540    i.HAL_I2C_ER_IRQHandler  stm32l4xx_hal_i2c.o
    0x08000a1c   0x08000a1c   0x00000010   Code   RO          541    i.HAL_I2C_EV_IRQHandler  stm32l4xx_hal_i2c.o
    0x08000a2c   0x08000a2c   0x00000002   Code   RO          543    i.HAL_I2C_ErrorCallback  stm32l4xx_hal_i2c.o
    0x08000a2e   0x08000a2e   0x00000002   PAD
    0x08000a30   0x08000a30   0x000000bc   Code   RO          547    i.HAL_I2C_Init      stm32l4xx_hal_i2c.o
    0x08000aec   0x08000aec   0x00000002   Code   RO          549    i.HAL_I2C_ListenCpltCallback  stm32l4xx_hal_i2c.o
    0x08000aee   0x08000aee   0x00000002   PAD
    0x08000af0   0x08000af0   0x00000152   Code   RO          560    i.HAL_I2C_Master_Transmit  stm32l4xx_hal_i2c.o
    0x08000c42   0x08000c42   0x00000002   PAD
    0x08000c44   0x08000c44   0x000000cc   Code   RO          251    i.HAL_I2C_MspInit   i2c.o
    0x08000d10   0x08000d10   0x00000002   Code   RO          573    i.HAL_I2C_SlaveRxCpltCallback  stm32l4xx_hal_i2c.o
    0x08000d12   0x08000d12   0x00000002   Code   RO          574    i.HAL_I2C_SlaveTxCpltCallback  stm32l4xx_hal_i2c.o
    0x08000d14   0x08000d14   0x00000010   Code   RO         1079    i.HAL_IncTick       stm32l4xx_hal.o
    0x08000d24   0x08000d24   0x0000001e   Code   RO         1080    i.HAL_Init          stm32l4xx_hal.o
    0x08000d42   0x08000d42   0x00000002   PAD
    0x08000d44   0x08000d44   0x00000044   Code   RO         1081    i.HAL_InitTick      stm32l4xx_hal.o
    0x08000d88   0x08000d88   0x0000003c   Code   RO          512    i.HAL_MspInit       stm32l4xx_hal_msp.o
    0x08000dc4   0x08000dc4   0x0000001a   Code   RO         2281    i.HAL_NVIC_EnableIRQ  stm32l4xx_hal_cortex.o
    0x08000dde   0x08000dde   0x00000002   PAD
    0x08000de0   0x08000de0   0x00000040   Code   RO         2287    i.HAL_NVIC_SetPriority  stm32l4xx_hal_cortex.o
    0x08000e20   0x08000e20   0x00000024   Code   RO         2288    i.HAL_NVIC_SetPriorityGrouping  stm32l4xx_hal_cortex.o
    0x08000e44   0x08000e44   0x00000068   Code   RO         2053    i.HAL_PWREx_ControlVoltageScaling  stm32l4xx_hal_pwr_ex.o
    0x08000eac   0x08000eac   0x00000010   Code   RO         2080    i.HAL_PWREx_GetVoltageRange  stm32l4xx_hal_pwr_ex.o
    0x08000ebc   0x08000ebc   0x00000010   Code   RO         1945    i.HAL_PWR_EnableBkUpAccess  stm32l4xx_hal_pwr.o
    0x08000ecc   0x08000ecc   0x0000028a   Code   RO         1395    i.HAL_RCCEx_PeriphCLKConfig  stm32l4xx_hal_rcc_ex.o
    0x08001156   0x08001156   0x00000002   PAD
    0x08001158   0x08001158   0x00000144   Code   RO         1267    i.HAL_RCC_ClockConfig  stm32l4xx_hal_rcc.o
    0x0800129c   0x0800129c   0x00000024   Code   RO         1273    i.HAL_RCC_GetPCLK1Freq  stm32l4xx_hal_rcc.o
    0x080012c0   0x080012c0   0x00000024   Code   RO         1274    i.HAL_RCC_GetPCLK2Freq  stm32l4xx_hal_rcc.o
    0x080012e4   0x080012e4   0x000000a4   Code   RO         1276    i.HAL_RCC_GetSysClockFreq  stm32l4xx_hal_rcc.o
    0x08001388   0x08001388   0x00000560   Code   RO         1279    i.HAL_RCC_OscConfig  stm32l4xx_hal_rcc.o
    0x080018e8   0x080018e8   0x00000002   Code   RO         2665    i.HAL_RTCEx_AlarmBEventCallback  stm32l4xx_hal_rtc_ex.o
    0x080018ea   0x080018ea   0x00000002   PAD
    0x080018ec   0x080018ec   0x0000001c   Code   RO         8113    i.HAL_RTC_AlarmAEventCallback  rtc_user.o
    0x08001908   0x08001908   0x00000058   Code   RO         2494    i.HAL_RTC_AlarmIRQHandler  stm32l4xx_hal_rtc.o
    0x08001960   0x08001960   0x00000044   Code   RO         2503    i.HAL_RTC_GetDate   stm32l4xx_hal_rtc.o
    0x080019a4   0x080019a4   0x00000054   Code   RO         2505    i.HAL_RTC_GetTime   stm32l4xx_hal_rtc.o
    0x080019f8   0x080019f8   0x000000b0   Code   RO         2506    i.HAL_RTC_Init      stm32l4xx_hal_rtc.o
    0x08001aa8   0x08001aa8   0x00000054   Code   RO          293    i.HAL_RTC_MspInit   rtc.o
    0x08001afc   0x08001afc   0x00000196   Code   RO         2511    i.HAL_RTC_SetAlarm_IT  stm32l4xx_hal_rtc.o
    0x08001c92   0x08001c92   0x00000002   PAD
    0x08001c94   0x08001c94   0x000000a0   Code   RO         2512    i.HAL_RTC_SetDate   stm32l4xx_hal_rtc.o
    0x08001d34   0x08001d34   0x000000cc   Code   RO         2513    i.HAL_RTC_SetTime   stm32l4xx_hal_rtc.o
    0x08001e00   0x08001e00   0x00000038   Code   RO         2514    i.HAL_RTC_WaitForSynchro  stm32l4xx_hal_rtc.o
    0x08001e38   0x08001e38   0x00000028   Code   RO         2292    i.HAL_SYSTICK_Config  stm32l4xx_hal_cortex.o
    0x08001e60   0x08001e60   0x00000002   Code   RO         2890    i.HAL_UARTEx_RxEventCallback  stm32l4xx_hal_uart.o
    0x08001e62   0x08001e62   0x00000002   Code   RO         3284    i.HAL_UARTEx_WakeupCallback  stm32l4xx_hal_uart_ex.o
    0x08001e64   0x08001e64   0x00000002   Code   RO         2906    i.HAL_UART_ErrorCallback  stm32l4xx_hal_uart.o
    0x08001e66   0x08001e66   0x0000000c   Code   RO         2908    i.HAL_UART_GetState  stm32l4xx_hal_uart.o
    0x08001e72   0x08001e72   0x00000002   PAD
    0x08001e74   0x08001e74   0x000002c8   Code   RO         2909    i.HAL_UART_IRQHandler  stm32l4xx_hal_uart.o
    0x0800213c   0x0800213c   0x00000066   Code   RO         2910    i.HAL_UART_Init     stm32l4xx_hal_uart.o
    0x080021a2   0x080021a2   0x00000002   PAD
    0x080021a4   0x080021a4   0x00000090   Code   RO          335    i.HAL_UART_MspInit  usart.o
    0x08002234   0x08002234   0x00000048   Code   RO         2915    i.HAL_UART_Receive_IT  stm32l4xx_hal_uart.o
    0x0800227c   0x0800227c   0x00000094   Code   RO           14    i.HAL_UART_RxCpltCallback  main.o
    0x08002310   0x08002310   0x000000a4   Code   RO         2919    i.HAL_UART_Transmit  stm32l4xx_hal_uart.o
    0x080023b4   0x080023b4   0x00000002   Code   RO         2922    i.HAL_UART_TxCpltCallback  stm32l4xx_hal_uart.o
    0x080023b6   0x080023b6   0x00000002   Code   RO          383    i.HardFault_Handler  stm32l4xx_it.o
    0x080023b8   0x080023b8   0x0000000c   Code   RO          384    i.I2C3_ER_IRQHandler  stm32l4xx_it.o
    0x080023c4   0x080023c4   0x0000000c   Code   RO          385    i.I2C3_EV_IRQHandler  stm32l4xx_it.o
    0x080023d0   0x080023d0   0x00000014   Code   RO          586    i.I2C_DMAAbort      stm32l4xx_hal_i2c.o
    0x080023e4   0x080023e4   0x0000005e   Code   RO          592    i.I2C_Disable_IRQ   stm32l4xx_hal_i2c.o
    0x08002442   0x08002442   0x00000022   Code   RO          594    i.I2C_Flush_TXDR    stm32l4xx_hal_i2c.o
    0x08002464   0x08002464   0x0000008c   Code   RO          595    i.I2C_ITAddrCplt    stm32l4xx_hal_i2c.o
    0x080024f0   0x080024f0   0x0000011c   Code   RO          596    i.I2C_ITError       stm32l4xx_hal_i2c.o
    0x0800260c   0x0800260c   0x00000064   Code   RO          597    i.I2C_ITListenCplt  stm32l4xx_hal_i2c.o
    0x08002670   0x08002670   0x000001bc   Code   RO          600    i.I2C_ITSlaveCplt   stm32l4xx_hal_i2c.o
    0x0800282c   0x0800282c   0x00000072   Code   RO          601    i.I2C_ITSlaveSeqCplt  stm32l4xx_hal_i2c.o
    0x0800289e   0x0800289e   0x00000002   PAD
    0x080028a0   0x080028a0   0x0000010c   Code   RO          602    i.I2C_IsErrorOccurred  stm32l4xx_hal_i2c.o
    0x080029ac   0x080029ac   0x00000118   Code   RO          610    i.I2C_Slave_ISR_IT  stm32l4xx_hal_i2c.o
    0x08002ac4   0x08002ac4   0x00000030   Code   RO          611    i.I2C_TransferConfig  stm32l4xx_hal_i2c.o
    0x08002af4   0x08002af4   0x0000002a   Code   RO          612    i.I2C_TreatErrorCallback  stm32l4xx_hal_i2c.o
    0x08002b1e   0x08002b1e   0x0000007a   Code   RO          613    i.I2C_WaitOnFlagUntilTimeout  stm32l4xx_hal_i2c.o
    0x08002b98   0x08002b98   0x00000056   Code   RO          615    i.I2C_WaitOnSTOPFlagUntilTimeout  stm32l4xx_hal_i2c.o
    0x08002bee   0x08002bee   0x0000005a   Code   RO          616    i.I2C_WaitOnTXISFlagUntilTimeout  stm32l4xx_hal_i2c.o
    0x08002c48   0x08002c48   0x000000a0   Code   RO          222    i.MX_GPIO_Init      gpio.o
    0x08002ce8   0x08002ce8   0x0000005c   Code   RO          252    i.MX_I2C3_Init      i2c.o
    0x08002d44   0x08002d44   0x000000c4   Code   RO          294    i.MX_RTC_Init       rtc.o
    0x08002e08   0x08002e08   0x0000003c   Code   RO          336    i.MX_USART1_UART_Init  usart.o
    0x08002e44   0x08002e44   0x00000002   Code   RO          386    i.MemManage_Handler  stm32l4xx_it.o
    0x08002e46   0x08002e46   0x00000002   Code   RO          387    i.NMI_Handler       stm32l4xx_it.o
    0x08002e48   0x08002e48   0x00000002   Code   RO          388    i.PendSV_Handler    stm32l4xx_it.o
    0x08002e4a   0x08002e4a   0x00000002   PAD
    0x08002e4c   0x08002e4c   0x0000012c   Code   RO         1399    i.RCCEx_PLLSAI1_Config  stm32l4xx_hal_rcc_ex.o
    0x08002f78   0x08002f78   0x00000002   Code   RO          389    i.RCC_IRQHandler    stm32l4xx_it.o
    0x08002f7a   0x08002f7a   0x00000002   PAD
    0x08002f7c   0x08002f7c   0x0000007c   Code   RO         1280    i.RCC_SetFlashLatencyFromMSIRange  stm32l4xx_hal_rcc.o
    0x08002ff8   0x08002ff8   0x0000000c   Code   RO          390    i.RTC_Alarm_IRQHandler  stm32l4xx_it.o
    0x08003004   0x08003004   0x00000012   Code   RO         2515    i.RTC_Bcd2ToByte    stm32l4xx_hal_rtc.o
    0x08003016   0x08003016   0x00000018   Code   RO         2516    i.RTC_ByteToBcd2    stm32l4xx_hal_rtc.o
    0x0800302e   0x0800302e   0x00000002   PAD
    0x08003030   0x08003030   0x00000046   Code   RO         2517    i.RTC_EnterInitMode  stm32l4xx_hal_rtc.o
    0x08003076   0x08003076   0x00000002   PAD
    0x08003078   0x08003078   0x00000058   Code   RO         2518    i.RTC_ExitInitMode  stm32l4xx_hal_rtc.o
    0x080030d0   0x080030d0   0x00000028   Code   RO         8116    i.Refresh_RTC_Struct  rtc_user.o
    0x080030f8   0x080030f8   0x00000010   Code   RO         8118    i.Reset_RTC_Time    rtc_user.o
    0x08003108   0x08003108   0x00000044   Code   RO         8119    i.SET_alarm         rtc_user.o
    0x0800314c   0x0800314c   0x00000002   Code   RO          391    i.SVC_Handler       stm32l4xx_it.o
    0x0800314e   0x0800314e   0x00000004   Code   RO          392    i.SysTick_Handler   stm32l4xx_it.o
    0x08003152   0x08003152   0x00000002   PAD
    0x08003154   0x08003154   0x0000008c   Code   RO           15    i.SystemClock_Config  main.o
    0x080031e0   0x080031e0   0x00000010   Code   RO         3364    i.SystemInit        system_stm32l4xx.o
    0x080031f0   0x080031f0   0x000000c8   Code   RO         2924    i.UART_AdvFeatureConfig  stm32l4xx_hal_uart.o
    0x080032b8   0x080032b8   0x000000a8   Code   RO         2925    i.UART_CheckIdleState  stm32l4xx_hal_uart.o
    0x08003360   0x08003360   0x00000014   Code   RO         2926    i.UART_DMAAbortOnError  stm32l4xx_hal_uart.o
    0x08003374   0x08003374   0x0000004c   Code   RO         2936    i.UART_EndRxTransfer  stm32l4xx_hal_uart.o
    0x080033c0   0x080033c0   0x000000c8   Code   RO         2938    i.UART_RxISR_16BIT  stm32l4xx_hal_uart.o
    0x08003488   0x08003488   0x000000c8   Code   RO         2939    i.UART_RxISR_8BIT   stm32l4xx_hal_uart.o
    0x08003550   0x08003550   0x000001dc   Code   RO         2940    i.UART_SetConfig    stm32l4xx_hal_uart.o
    0x0800372c   0x0800372c   0x000000b8   Code   RO         2942    i.UART_Start_Receive_IT  stm32l4xx_hal_uart.o
    0x080037e4   0x080037e4   0x00000094   Code   RO         2945    i.UART_WaitOnFlagUntilTimeout  stm32l4xx_hal_uart.o
    0x08003878   0x08003878   0x0000000c   Code   RO          393    i.USART1_IRQHandler  stm32l4xx_it.o
    0x08003884   0x08003884   0x00000002   Code   RO          394    i.UsageFault_Handler  stm32l4xx_it.o
    0x08003886   0x08003886   0x00000002   Code   RO         3821    i.UserItem_Exit_1   useritem.o
    0x08003888   0x08003888   0x00000010   Code   RO         3822    i.UserItem_Exit_2   useritem.o
    0x08003898   0x08003898   0x00000010   Code   RO         3823    i.UserItem_Exit_3   useritem.o
    0x080038a8   0x080038a8   0x00000010   Code   RO         3824    i.UserItem_Exit_4   useritem.o
    0x080038b8   0x080038b8   0x00000010   Code   RO         3825    i.UserItem_Exit_5   useritem.o
    0x080038c8   0x080038c8   0x00000010   Code   RO         3826    i.UserItem_Exit_6   useritem.o
    0x080038d8   0x080038d8   0x00000002   Code   RO         3827    i.UserItem_Exit_7   useritem.o
    0x080038da   0x080038da   0x00000002   PAD
    0x080038dc   0x080038dc   0x00000010   Code   RO         3828    i.UserItem_Init_1   useritem.o
    0x080038ec   0x080038ec   0x00000018   Code   RO         3829    i.UserItem_Init_2   useritem.o
    0x08003904   0x08003904   0x00000018   Code   RO         3830    i.UserItem_Init_3   useritem.o
    0x0800391c   0x0800391c   0x00000018   Code   RO         3831    i.UserItem_Init_4   useritem.o
    0x08003934   0x08003934   0x00000018   Code   RO         3832    i.UserItem_Init_5   useritem.o
    0x0800394c   0x0800394c   0x00000010   Code   RO         3833    i.UserItem_Init_6   useritem.o
    0x0800395c   0x0800395c   0x00000002   Code   RO         3834    i.UserItem_Init_7   useritem.o
    0x0800395e   0x0800395e   0x00000002   PAD
    0x08003960   0x08003960   0x00000608   Code   RO         3835    i.UserItem_Loop_1   useritem.o
    0x08003f68   0x08003f68   0x000000a0   Code   RO         3836    i.UserItem_Loop_2   useritem.o
    0x08004008   0x08004008   0x000000a0   Code   RO         3837    i.UserItem_Loop_3   useritem.o
    0x080040a8   0x080040a8   0x000000a0   Code   RO         3838    i.UserItem_Loop_4   useritem.o
    0x08004148   0x08004148   0x000000a0   Code   RO         3839    i.UserItem_Loop_5   useritem.o
    0x080041e8   0x080041e8   0x00000144   Code   RO         3840    i.UserItem_Loop_6   useritem.o
    0x0800432c   0x0800432c   0x000000cc   Code   RO         3841    i.UserItem_Loop_7   useritem.o
    0x080043f8   0x080043f8   0x00000028   Code   RO         8475    i.__0sprintf$6      mc_w.l(printf6.o)
    0x08004420   0x08004420   0x00000020   Code   RO         2294    i.__NVIC_SetPriority  stm32l4xx_hal_cortex.o
    0x08004440   0x08004440   0x00000008   Code   RO         8634    i.__aeabi_errno_addr  mc_w.l(errno.o)
    0x08004448   0x08004448   0x0000006c   Code   RO         8285    i.__hardfp_ceilf    m_wm.l(ceilf.o)
    0x080044b4   0x080044b4   0x00000070   Code   RO         8291    i.__hardfp_floorf   m_wm.l(floorf.o)
    0x08004524   0x08004524   0x0000000e   Code   RO         8696    i.__scatterload_copy  mc_w.l(handlers.o)
    0x08004532   0x08004532   0x00000002   Code   RO         8697    i.__scatterload_null  mc_w.l(handlers.o)
    0x08004534   0x08004534   0x0000000e   Code   RO         8698    i.__scatterload_zeroinit  mc_w.l(handlers.o)
    0x08004542   0x08004542   0x00000002   PAD
    0x08004544   0x08004544   0x000002f6   Code   RO         8480    i._printf_core      mc_w.l(printf6.o)
    0x0800483a   0x0800483a   0x00000024   Code   RO         8481    i._printf_post_padding  mc_w.l(printf6.o)
    0x0800485e   0x0800485e   0x0000002e   Code   RO         8482    i._printf_pre_padding  mc_w.l(printf6.o)
    0x0800488c   0x0800488c   0x0000000a   Code   RO         8484    i._sputc            mc_w.l(printf6.o)
    0x08004896   0x08004896   0x00000002   PAD
    0x08004898   0x08004898   0x00000040   Code   RO         3401    i.astra_animation   astra_ui_core.o
    0x080048d8   0x080048d8   0x00000054   Code   RO         3678    i.astra_bind_item_to_selector  astra_ui_item.o
    0x0800492c   0x0800492c   0x00000010   Code   RO         3679    i.astra_bind_selector_to_camera  astra_ui_item.o
    0x0800493c   0x0800493c   0x00000310   Code   RO         3587    i.astra_draw_exit_animation  astra_ui_drawer.o
    0x08004c4c   0x08004c4c   0x000001cc   Code   RO         3588    i.astra_draw_info_bar  astra_ui_drawer.o
    0x08004e18   0x08004e18   0x00000012   Code   RO         3589    i.astra_draw_list   astra_ui_drawer.o
    0x08004e2a   0x08004e2a   0x00000002   PAD
    0x08004e2c   0x08004e2c   0x000001e4   Code   RO         3590    i.astra_draw_list_appearance  astra_ui_drawer.o
    0x08005010   0x08005010   0x0000030e   Code   RO         3591    i.astra_draw_list_item  astra_ui_drawer.o
    0x0800531e   0x0800531e   0x00000002   PAD
    0x08005320   0x08005320   0x00000210   Code   RO         3592    i.astra_draw_pop_up  astra_ui_drawer.o
    0x08005530   0x08005530   0x0000012c   Code   RO         3593    i.astra_draw_selector  astra_ui_drawer.o
    0x0800565c   0x0800565c   0x0000000e   Code   RO         3594    i.astra_draw_widget  astra_ui_drawer.o
    0x0800566a   0x0800566a   0x00000002   PAD
    0x0800566c   0x0800566c   0x00000040   Code   RO         3595    i.astra_exit_animation  astra_ui_drawer.o
    0x080056ac   0x080056ac   0x00000030   Code   RO         3680    i.astra_get_root_list  astra_ui_item.o
    0x080056dc   0x080056dc   0x00000008   Code   RO         3681    i.astra_get_selector  astra_ui_item.o
    0x080056e4   0x080056e4   0x0000001a   Code   RO         3402    i.astra_init_core   astra_ui_core.o
    0x080056fe   0x080056fe   0x00000002   PAD
    0x08005700   0x08005700   0x00000058   Code   RO         3403    i.astra_init_list   astra_ui_core.o
    0x08005758   0x08005758   0x0000001c   Code   RO         3682    i.astra_new_list_item  astra_ui_item.o
    0x08005774   0x08005774   0x0000003a   Code   RO         3683    i.astra_new_slider_item  astra_ui_item.o
    0x080057ae   0x080057ae   0x0000002e   Code   RO         3685    i.astra_new_user_item  astra_ui_item.o
    0x080057dc   0x080057dc   0x0000008c   Code   RO         3687    i.astra_push_item_to_list  astra_ui_item.o
    0x08005868   0x08005868   0x00000054   Code   RO         3688    i.astra_push_pop_up  astra_ui_item.o
    0x080058bc   0x080058bc   0x00000088   Code   RO         3404    i.astra_refresh_camera_position  astra_ui_core.o
    0x08005944   0x08005944   0x00000034   Code   RO         3405    i.astra_refresh_info_bar  astra_ui_core.o
    0x08005978   0x08005978   0x0000003c   Code   RO         3406    i.astra_refresh_list_item_position  astra_ui_core.o
    0x080059b4   0x080059b4   0x00000034   Code   RO         3408    i.astra_refresh_pop_up  astra_ui_core.o
    0x080059e8   0x080059e8   0x000000ac   Code   RO         3409    i.astra_refresh_selector_position  astra_ui_core.o
    0x08005a94   0x08005a94   0x0000000e   Code   RO         3410    i.astra_refresh_widget_core_position  astra_ui_core.o
    0x08005aa2   0x08005aa2   0x00000002   PAD
    0x08005aa4   0x08005aa4   0x000000d4   Code   RO         3689    i.astra_selector_exit_current_item  astra_ui_item.o
    0x08005b78   0x08005b78   0x0000007c   Code   RO         3690    i.astra_selector_go_next_item  astra_ui_item.o
    0x08005bf4   0x08005bf4   0x000000e0   Code   RO         3691    i.astra_selector_go_prev_item  astra_ui_item.o
    0x08005cd4   0x08005cd4   0x00000148   Code   RO         3692    i.astra_selector_jump_to_selected_item  astra_ui_item.o
    0x08005e1c   0x08005e1c   0x0000001c   Code   RO         3693    i.astra_set_font    astra_ui_item.o
    0x08005e38   0x08005e38   0x0000000e   Code   RO         3694    i.astra_to_slider_item  astra_ui_item.o
    0x08005e46   0x08005e46   0x0000000e   Code   RO         3695    i.astra_to_switch_item  astra_ui_item.o
    0x08005e54   0x08005e54   0x0000000e   Code   RO         3696    i.astra_to_user_item  astra_ui_item.o
    0x08005e62   0x08005e62   0x00000002   PAD
    0x08005e64   0x08005e64   0x0000000c   Code   RO         3532    i.astra_ui_driver_init  astra_ui_draw_driver.o
    0x08005e70   0x08005e70   0x00000114   Code   RO         3411    i.astra_ui_main_core  astra_ui_core.o
    0x08005f84   0x08005f84   0x0000000e   Code   RO         3412    i.astra_ui_widget_core  astra_ui_core.o
    0x08005f92   0x08005f92   0x00000002   PAD
    0x08005f94   0x08005f94   0x00000108   Code   RO         8231    i.esp8266_ask_time  esp8266.o
    0x0800609c   0x0800609c   0x0000003c   Code   RO         8233    i.esp8266_send_cmd  esp8266.o
    0x080060d8   0x080060d8   0x00000100   Code   RO         8234    i.esp8266_start_trans  esp8266.o
    0x080061d8   0x080061d8   0x00000274   Code   RO           16    i.main              main.o
    0x0800644c   0x0800644c   0x0000006c   Code   RO         8580    i.malloc            mc_w.l(malloc.o)
    0x080064b8   0x080064b8   0x00000050   Code   RO         8235    i.u2_printf         esp8266.o
    0x08006508   0x08006508   0x00000014   Code   RO         4119    i.u8g2_ClearBuffer  u8g2_buffer.o
    0x0800651c   0x0800651c   0x0000001e   Code   RO         4283    i.u8g2_ClearDisplay  u8g2_cleardisplay.o
    0x0800653a   0x0800653a   0x00000044   Code   RO         4089    i.u8g2_DrawBox      u8g2_box.o
    0x0800657e   0x0800657e   0x00000040   Code   RO         4213    i.u8g2_DrawCircle   u8g2_circle.o
    0x080065be   0x080065be   0x00000040   Code   RO         4214    i.u8g2_DrawDisc     u8g2_circle.o
    0x080065fe   0x080065fe   0x0000008e   Code   RO         4090    i.u8g2_DrawFrame    u8g2_box.o
    0x0800668c   0x0800668c   0x00000070   Code   RO         4322    i.u8g2_DrawGlyph    u8g2_font.o
    0x080066fc   0x080066fc   0x0000000c   Code   RO         6629    i.u8g2_DrawHLine    u8g2_hvline.o
    0x08006708   0x08006708   0x000000ac   Code   RO         6630    i.u8g2_DrawHVLine   u8g2_hvline.o
    0x080067b4   0x080067b4   0x000000b2   Code   RO         4043    i.u8g2_DrawHXBMP    u8g2_bitmap.o
    0x08006866   0x08006866   0x0000002e   Code   RO         6631    i.u8g2_DrawPixel    u8g2_hvline.o
    0x08006894   0x08006894   0x000000ec   Code   RO         4091    i.u8g2_DrawRBox     u8g2_box.o
    0x08006980   0x08006980   0x00000010   Code   RO         4324    i.u8g2_DrawStr      u8g2_font.o
    0x08006990   0x08006990   0x00000010   Code   RO         4326    i.u8g2_DrawUTF8     u8g2_font.o
    0x080069a0   0x080069a0   0x0000000c   Code   RO         6632    i.u8g2_DrawVLine    u8g2_hvline.o
    0x080069ac   0x080069ac   0x00000052   Code   RO         4046    i.u8g2_DrawXBMP     u8g2_bitmap.o
    0x080069fe   0x080069fe   0x0000001c   Code   RO         4120    i.u8g2_FirstPage    u8g2_buffer.o
    0x08006a1a   0x08006a1a   0x0000003e   Code   RO         4334    i.u8g2_GetGlyphWidth  u8g2_font.o
    0x08006a58   0x08006a58   0x0000000c   Code   RO         4335    i.u8g2_GetStrWidth  u8g2_font.o
    0x08006a64   0x08006a64   0x0000000c   Code   RO         4337    i.u8g2_GetUTF8Width  u8g2_font.o
    0x08006a70   0x08006a70   0x00000030   Code   RO         6691    i.u8g2_IsIntersection  u8g2_intersection.o
    0x08006aa0   0x08006aa0   0x0000003e   Code   RO         4121    i.u8g2_NextPage     u8g2_buffer.o
    0x08006ade   0x08006ade   0x00000012   Code   RO         4122    i.u8g2_SendBuffer   u8g2_buffer.o
    0x08006af0   0x08006af0   0x0000001c   Code   RO         4123    i.u8g2_SetBufferCurrTileRow  u8g2_buffer.o
    0x08006b0c   0x08006b0c   0x00000010   Code   RO         6633    i.u8g2_SetDrawColor  u8g2_hvline.o
    0x08006b1c   0x08006b1c   0x00000020   Code   RO         4342    i.u8g2_SetFont      u8g2_font.o
    0x08006b3c   0x08006b3c   0x00000006   Code   RO         4343    i.u8g2_SetFontDirection  u8g2_font.o
    0x08006b42   0x08006b42   0x00000006   Code   RO         4344    i.u8g2_SetFontMode  u8g2_font.o
    0x08006b48   0x08006b48   0x0000000c   Code   RO         4345    i.u8g2_SetFontPosBaseline  u8g2_font.o
    0x08006b54   0x08006b54   0x0000001c   Code   RO         6879    i.u8g2_SetMaxClipWindow  u8g2_setup.o
    0x08006b70   0x08006b70   0x00000046   Code   RO         6880    i.u8g2_SetupBuffer  u8g2_setup.o
    0x08006bb6   0x08006bb6   0x00000002   PAD
    0x08006bb8   0x08006bb8   0x00000038   Code   RO         4308    i.u8g2_Setup_ssd1306_i2c_128x64_noname_f  u8g2_d_setup.o
    0x08006bf0   0x08006bf0   0x00000052   Code   RO         4352    i.u8g2_UpdateRefHeight  u8g2_font.o
    0x08006c42   0x08006c42   0x0000001c   Code   RO         4353    i.u8g2_add_vector_x  u8g2_font.o
    0x08006c5e   0x08006c5e   0x0000001c   Code   RO         4354    i.u8g2_add_vector_y  u8g2_font.o
    0x08006c7a   0x08006c7a   0x0000006e   Code   RO         6882    i.u8g2_apply_clip_window  u8g2_setup.o
    0x08006ce8   0x08006ce8   0x0000003c   Code   RO         6634    i.u8g2_clip_intersection2  u8g2_hvline.o
    0x08006d24   0x08006d24   0x00000070   Code   RO         4217    i.u8g2_draw_circle  u8g2_circle.o
    0x08006d94   0x08006d94   0x000000ca   Code   RO         4218    i.u8g2_draw_circle_section  u8g2_circle.o
    0x08006e5e   0x08006e5e   0x00000070   Code   RO         4219    i.u8g2_draw_disc    u8g2_circle.o
    0x08006ece   0x08006ece   0x000000dc   Code   RO         4220    i.u8g2_draw_disc_section  u8g2_circle.o
    0x08006faa   0x08006faa   0x00000012   Code   RO         6635    i.u8g2_draw_hv_line_2dir  u8g2_hvline.o
    0x08006fbc   0x08006fbc   0x0000000c   Code   RO         6884    i.u8g2_draw_l90_r0  u8g2_setup.o
    0x08006fc8   0x08006fc8   0x00000076   Code   RO         4355    i.u8g2_draw_string  u8g2_font.o
    0x0800703e   0x0800703e   0x00000004   Code   RO         4361    i.u8g2_font_calc_vref_font  u8g2_font.o
    0x08007042   0x08007042   0x00000014   Code   RO         4363    i.u8g2_font_decode_get_signed_bits  u8g2_font.o
    0x08007056   0x08007056   0x00000034   Code   RO         4364    i.u8g2_font_decode_get_unsigned_bits  u8g2_font.o
    0x0800708a   0x0800708a   0x00000002   PAD
    0x0800708c   0x0800708c   0x00000114   Code   RO         4365    i.u8g2_font_decode_glyph  u8g2_font.o
    0x080071a0   0x080071a0   0x00000092   Code   RO         4366    i.u8g2_font_decode_len  u8g2_font.o
    0x08007232   0x08007232   0x00000072   Code   RO         4367    i.u8g2_font_get_glyph_data  u8g2_font.o
    0x080072a4   0x080072a4   0x00000014   Code   RO         4368    i.u8g2_font_get_word  u8g2_font.o
    0x080072b8   0x080072b8   0x00000034   Code   RO         4369    i.u8g2_font_setup_decode  u8g2_font.o
    0x080072ec   0x080072ec   0x00000020   Code   RO         3534    i.u8g2_gpio_and_delay_stm32  astra_ui_draw_driver.o
    0x0800730c   0x0800730c   0x00000054   Code   RO         3535    i.u8g2_init         astra_ui_draw_driver.o
    0x08007360   0x08007360   0x00000018   Code   RO         6692    i.u8g2_is_intersection_decision_tree  u8g2_intersection.o
    0x08007378   0x08007378   0x00000090   Code   RO         6740    i.u8g2_ll_hvline_vertical_top_lsb  u8g2_ll_hvline.o
    0x08007408   0x08007408   0x0000000c   Code   RO         4295    i.u8g2_m_16_8_f     u8g2_d_memory.o
    0x08007414   0x08007414   0x0000006a   Code   RO         4370    i.u8g2_read_font_info  u8g2_font.o
    0x0800747e   0x0800747e   0x0000004e   Code   RO         4130    i.u8g2_send_buffer  u8g2_buffer.o
    0x080074cc   0x080074cc   0x00000074   Code   RO         4371    i.u8g2_string_width  u8g2_font.o
    0x08007540   0x08007540   0x00000046   Code   RO         6889    i.u8g2_update_dimension_common  u8g2_setup.o
    0x08007586   0x08007586   0x00000004   Code   RO         6890    i.u8g2_update_dimension_r0  u8g2_setup.o
    0x0800758a   0x0800758a   0x00000022   Code   RO         6894    i.u8g2_update_page_win_r0  u8g2_setup.o
    0x080075ac   0x080075ac   0x0000001e   Code   RO         7674    i.u8x8_DrawTile     u8x8_display.o
    0x080075ca   0x080075ca   0x00000010   Code   RO         7676    i.u8x8_InitDisplay  u8x8_display.o
    0x080075da   0x080075da   0x00000010   Code   RO         7678    i.u8x8_RefreshDisplay  u8x8_display.o
    0x080075ea   0x080075ea   0x00000010   Code   RO         7681    i.u8x8_SetPowerSave  u8x8_display.o
    0x080075fa   0x080075fa   0x00000022   Code   RO         7980    i.u8x8_Setup        u8x8_setup.o
    0x0800761c   0x0800761c   0x00000024   Code   RO         7981    i.u8x8_SetupDefaults  u8x8_setup.o
    0x08007640   0x08007640   0x00000010   Code   RO         7682    i.u8x8_SetupMemory  u8x8_display.o
    0x08007650   0x08007650   0x0000000e   Code   RO         7174    i.u8x8_ascii_next   u8x8_8x8.o
    0x0800765e   0x0800765e   0x00000010   Code   RO         7300    i.u8x8_byte_EndTransfer  u8x8_byte.o
    0x0800766e   0x0800766e   0x0000000e   Code   RO         7301    i.u8x8_byte_SendByte  u8x8_byte.o
    0x0800767c   0x0800767c   0x00000010   Code   RO         7304    i.u8x8_byte_StartTransfer  u8x8_byte.o
    0x0800768c   0x0800768c   0x0000005c   Code   RO         3536    i.u8x8_byte_hw_i2c  astra_ui_draw_driver.o
    0x080076e8   0x080076e8   0x00000010   Code   RO         7421    i.u8x8_cad_EndTransfer  u8x8_cad.o
    0x080076f8   0x080076f8   0x00000010   Code   RO         7422    i.u8x8_cad_SendArg  u8x8_cad.o
    0x08007708   0x08007708   0x00000010   Code   RO         7423    i.u8x8_cad_SendCmd  u8x8_cad.o
    0x08007718   0x08007718   0x00000010   Code   RO         7424    i.u8x8_cad_SendData  u8x8_cad.o
    0x08007728   0x08007728   0x00000068   Code   RO         7426    i.u8x8_cad_SendSequence  u8x8_cad.o
    0x08007790   0x08007790   0x00000010   Code   RO         7427    i.u8x8_cad_StartTransfer  u8x8_cad.o
    0x080077a0   0x080077a0   0x000000bc   Code   RO         7430    i.u8x8_cad_ssd13xx_fast_i2c  u8x8_cad.o
    0x0800785c   0x0800785c   0x00000060   Code   RO         7683    i.u8x8_d_helper_display_init  u8x8_display.o
    0x080078bc   0x080078bc   0x0000000a   Code   RO         7684    i.u8x8_d_helper_display_setup_memory  u8x8_display.o
    0x080078c6   0x080078c6   0x00000002   PAD
    0x080078c8   0x080078c8   0x0000003c   Code   RO         7608    i.u8x8_d_ssd1306_128x64_noname  u8x8_d_ssd1306_128x64_noname.o
    0x08007904   0x08007904   0x000000c8   Code   RO         7610    i.u8x8_d_ssd1306_sh1106_generic  u8x8_d_ssd1306_128x64_noname.o
    0x080079cc   0x080079cc   0x00000004   Code   RO         7983    i.u8x8_dummy_cb     u8x8_setup.o
    0x080079d0   0x080079d0   0x0000000c   Code   RO         7902    i.u8x8_gpio_call    u8x8_gpio.o
    0x080079dc   0x080079dc   0x0000002c   Code   RO         7438    i.u8x8_i2c_data_transfer  u8x8_cad.o
    0x08007a08   0x08007a08   0x00000008   Code   RO         7182    i.u8x8_utf8_init    u8x8_8x8.o
    0x08007a10   0x08007a10   0x00000090   Code   RO         7183    i.u8x8_utf8_next    u8x8_8x8.o
    0x08007aa0   0x08007aa0   0x00000040   Data   RO         3365    .constdata          system_stm32l4xx.o
    0x08007ae0   0x08007ae0   0x00000008   Data   RO         3366    .constdata          system_stm32l4xx.o
    0x08007ae8   0x08007ae8   0x00000030   Data   RO         3596    .constdata          astra_ui_drawer.o
    0x08007b18   0x08007b18   0x00000400   Data   RO         3843    .constdata          useritem.o
    0x08007f18   0x08007f18   0x00000400   Data   RO         3844    .constdata          useritem.o
    0x08008318   0x08008318   0x00000400   Data   RO         3845    .constdata          useritem.o
    0x08008718   0x08008718   0x00000400   Data   RO         3846    .constdata          useritem.o
    0x08008b18   0x08008b18   0x00000400   Data   RO         3847    .constdata          useritem.o
    0x08008f18   0x08008f18   0x00000400   Data   RO         3848    .constdata          useritem.o
    0x08009318   0x08009318   0x00000400   Data   RO         3849    .constdata          useritem.o
    0x08009718   0x08009718   0x00000400   Data   RO         3850    .constdata          useritem.o
    0x08009b18   0x08009b18   0x00000400   Data   RO         3851    .constdata          useritem.o
    0x08009f18   0x08009f18   0x00000400   Data   RO         3852    .constdata          useritem.o
    0x0800a318   0x0800a318   0x00000400   Data   RO         3853    .constdata          useritem.o
    0x0800a718   0x0800a718   0x00000400   Data   RO         3854    .constdata          useritem.o
    0x0800ab18   0x0800ab18   0x00000400   Data   RO         3855    .constdata          useritem.o
    0x0800af18   0x0800af18   0x00000400   Data   RO         3856    .constdata          useritem.o
    0x0800b318   0x0800b318   0x00000400   Data   RO         3857    .constdata          useritem.o
    0x0800b718   0x0800b718   0x00000400   Data   RO         3858    .constdata          useritem.o
    0x0800bb18   0x0800bb18   0x00000400   Data   RO         3859    .constdata          useritem.o
    0x0800bf18   0x0800bf18   0x00000400   Data   RO         3860    .constdata          useritem.o
    0x0800c318   0x0800c318   0x00000400   Data   RO         3861    .constdata          useritem.o
    0x0800c718   0x0800c718   0x00000400   Data   RO         3862    .constdata          useritem.o
    0x0800cb18   0x0800cb18   0x00000400   Data   RO         3863    .constdata          useritem.o
    0x0800cf18   0x0800cf18   0x00000400   Data   RO         3864    .constdata          useritem.o
    0x0800d318   0x0800d318   0x00000400   Data   RO         3865    .constdata          useritem.o
    0x0800d718   0x0800d718   0x00000400   Data   RO         3866    .constdata          useritem.o
    0x0800db18   0x0800db18   0x00000400   Data   RO         3867    .constdata          useritem.o
    0x0800df18   0x0800df18   0x00000400   Data   RO         3868    .constdata          useritem.o
    0x0800e318   0x0800e318   0x00000400   Data   RO         3869    .constdata          useritem.o
    0x0800e718   0x0800e718   0x00000400   Data   RO         3870    .constdata          useritem.o
    0x0800eb18   0x0800eb18   0x00000400   Data   RO         3871    .constdata          useritem.o
    0x0800ef18   0x0800ef18   0x00000400   Data   RO         3872    .constdata          useritem.o
    0x0800f318   0x0800f318   0x00000400   Data   RO         3873    .constdata          useritem.o
    0x0800f718   0x0800f718   0x00000400   Data   RO         3874    .constdata          useritem.o
    0x0800fb18   0x0800fb18   0x00000400   Data   RO         3875    .constdata          useritem.o
    0x0800ff18   0x0800ff18   0x00000400   Data   RO         3876    .constdata          useritem.o
    0x08010318   0x08010318   0x00000400   Data   RO         3877    .constdata          useritem.o
    0x08010718   0x08010718   0x00000400   Data   RO         3878    .constdata          useritem.o
    0x08010b18   0x08010b18   0x00000400   Data   RO         3879    .constdata          useritem.o
    0x08010f18   0x08010f18   0x00000400   Data   RO         3880    .constdata          useritem.o
    0x08011318   0x08011318   0x00000400   Data   RO         3881    .constdata          useritem.o
    0x08011718   0x08011718   0x00000400   Data   RO         3882    .constdata          useritem.o
    0x08011b18   0x08011b18   0x00000400   Data   RO         3883    .constdata          useritem.o
    0x08011f18   0x08011f18   0x00000400   Data   RO         3884    .constdata          useritem.o
    0x08012318   0x08012318   0x00000324   Data   RO         4680    .constdata          u8g2_fonts.o
    0x0801263c   0x0801263c   0x000024af   Data   RO         5771    .constdata          u8g2_fonts.o
    0x08014aeb   0x08014aeb   0x000002d4   Data   RO         6551    .constdata          u8g2_fonts.o
    0x08014dbf   0x08014dbf   0x000021e7   Data   RO         6552    .constdata          u8g2_fonts.o
    0x08016fa6   0x08016fa6   0x00000353   Data   RO         6557    .constdata          u8g2_fonts.o
    0x080172f9   0x080172f9   0x00000003   PAD
    0x080172fc   0x080172fc   0x0000000c   Data   RO         6898    .constdata          u8g2_setup.o
    0x08017308   0x08017308   0x00000158   Data   RO         7612    .constdata          u8x8_d_ssd1306_128x64_noname.o
    0x08017460   0x08017460   0x00000081   Data   RO         8660    .constdata          mc_w.l(ctype_o.o)
    0x080174e1   0x080174e1   0x00000003   PAD
    0x080174e4   0x080174e4   0x00000004   Data   RO         8661    .constdata          mc_w.l(ctype_o.o)
    0x080174e8   0x080174e8   0x00000020   Data   RO         8694    Region$$Table       anon$$obj.o


    Execution Region RW_IRAM2 (Exec base: 0x10000000, Load base: 0x080175c0, Size: 0x00000000, Max: 0x00004000, ABSOLUTE)

    **** No section assigned to this execution region ****


    Execution Region RW_IRAM1 (Exec base: 0x20000000, Load base: 0x08017508, Size: 0x00002fe8, Max: 0x0000c000, ABSOLUTE, COMPRESSED[0x000000b8])

    Exec Addr    Load Addr    Size         Type   Attr      Idx    E Section Name        Object

    0x20000000   COMPRESSED   0x0000000c   Data   RW           18    .data               main.o
    0x2000000c   COMPRESSED   0x00000001   Data   RW           19    .data               main.o
    0x2000000d   COMPRESSED   0x00000001   Data   RW           20    .data               main.o
    0x2000000e   COMPRESSED   0x00000001   Data   RW           21    .data               main.o
    0x2000000f   COMPRESSED   0x00000001   PAD
    0x20000010   COMPRESSED   0x00000004   Data   RW           22    .data               main.o
    0x20000014   COMPRESSED   0x00000004   Data   RW           23    .data               main.o
    0x20000018   COMPRESSED   0x00000004   Data   RW           24    .data               main.o
    0x2000001c   COMPRESSED   0x0000000c   Data   RW         1092    .data               stm32l4xx_hal.o
    0x20000028   COMPRESSED   0x00000004   Data   RW         3367    .data               system_stm32l4xx.o
    0x2000002c   COMPRESSED   0x00000001   Data   RW         3413    .data               astra_ui_core.o
    0x2000002d   COMPRESSED   0x00000001   Data   RW         3538    .data               astra_ui_draw_driver.o
    0x2000002e   COMPRESSED   0x00000002   PAD
    0x20000030   COMPRESSED   0x00000014   Data   RW         3597    .data               astra_ui_drawer.o
    0x20000044   COMPRESSED   0x00000054   Data   RW         3698    .data               astra_ui_item.o
    0x20000098   COMPRESSED   0x000000c0   Data   RW         3886    .data               useritem.o
    0x20000158   COMPRESSED   0x00000006   Data   RW         7440    .data               u8x8_cad.o
    0x2000015e   COMPRESSED   0x00000006   Data   RW         8121    .data               rtc_user.o
    0x20000164   COMPRESSED   0x00000004   Data   RW         8311    .data               mc_w.l(strtok.o)
    0x20000168   COMPRESSED   0x00000004   Data   RW         8632    .data               mc_w.l(mvars.o)
    0x2000016c   COMPRESSED   0x00000004   Data   RW         8633    .data               mc_w.l(mvars.o)
    0x20000170   COMPRESSED   0x00000004   Data   RW         8637    .data               mc_w.l(errno.o)
    0x20000174        -       0x0000080f   Zero   RW           17    .bss                main.o
    0x20000983   COMPRESSED   0x00000001   PAD
    0x20000984        -       0x00000054   Zero   RW          253    .bss                i2c.o
    0x200009d8        -       0x00000024   Zero   RW          295    .bss                rtc.o
    0x200009fc        -       0x00000088   Zero   RW          337    .bss                usart.o
    0x20000a84        -       0x000000b4   Zero   RW         3537    .bss                astra_ui_draw_driver.o
    0x20000b38        -       0x00000034   Zero   RW         3697    .bss                astra_ui_item.o
    0x20000b6c        -       0x0000003c   Zero   RW         3842    .bss                useritem.o
    0x20000ba8        -       0x00000400   Zero   RW         4296    .bss                u8g2_d_memory.o
    0x20000fa8        -       0x00000040   Zero   RW         8120    .bss                rtc_user.o
    0x20000fe8        -       0x00001000   Zero   RW            2    HEAP                startup_stm32l432xx.o
    0x20001fe8        -       0x00001000   Zero   RW            1    STACK               startup_stm32l432xx.o


==============================================================================

Image component sizes


      Code (inc. data)   RO Data    RW Data    ZI Data      Debug   Object Name

       954        132          0          1          0      10033   astra_ui_core.o
       220         34          0          1        180       3285   astra_ui_draw_driver.o
      3434        152         48         20          0       8895   astra_ui_drawer.o
      1470        206          0         84         52      14942   astra_ui_item.o
       660        202          0          0          0       3196   esp8266.o
       160          6          0          0          0        947   gpio.o
       296         26          0          0         84       1805   i2c.o
       920        254          0         27       2063     825964   main.o
       280         20          0          0         36       1763   rtc.o
       192         56          0          6         64       4811   rtc_user.o
        36          8        396          0       8192        836   startup_stm32l432xx.o
       162         24          0         12          0      11577   stm32l4xx_hal.o
       198         14          0          0          0      33839   stm32l4xx_hal_cortex.o
       158          0          0          0          0       2374   stm32l4xx_hal_dma.o
       548         26          0          0          0       2894   stm32l4xx_hal_gpio.o
      2824         50          0          0          0      22009   stm32l4xx_hal_i2c.o
       208         10          0          0          0       2586   stm32l4xx_hal_i2c_ex.o
        60          4          0          0          0        874   stm32l4xx_hal_msp.o
        16          4          0          0          0        547   stm32l4xx_hal_pwr.o
       120         20          0          0          0       1366   stm32l4xx_hal_pwr_ex.o
      2060         98          0          0          0       6988   stm32l4xx_hal_rcc.o
       950         32          0          0          0       2896   stm32l4xx_hal_rcc_ex.o
      1442         46          0          0          0      10253   stm32l4xx_hal_rtc.o
         2          0          0          0          0        964   stm32l4xx_hal_rtc_ex.o
      2740         80          0          0          0      15521   stm32l4xx_hal_uart.o
         2          0          0          0          0       1024   stm32l4xx_hal_uart_ex.o
       206         28          0          0          0       9067   stm32l4xx_it.o
        16          4         72          4          0       1185   system_stm32l4xx.o
         0          0          0          0          0     163130   u8g2_arc.o
       260          0          0          0          0       2265   u8g2_bitmap.o
       446          0          0          0          0       2304   u8g2_box.o
       234          0          0          0          0       4160   u8g2_buffer.o
       774          0          0          0          0       6082   u8g2_circle.o
        30          0          0          0          0        576   u8g2_cleardisplay.o
        12          4          0          0       1024        812   u8g2_d_memory.o
        56         14          0          0          0       1021   u8g2_d_setup.o
      1448         22          0          0          0      18320   u8g2_font.o
         0          0      20449          0          0     149479   u8g2_fonts.o
       336          0          0          0          0       4814   u8g2_hvline.o
        72          0          0          0          0       1867   u8g2_intersection.o
       144          0          0          0          0       1346   u8g2_ll_hvline.o
       328          0         12          0          0     150555   u8g2_setup.o
       166          0          0          0          0       2546   u8x8_8x8.o
        46          0          0          0          0       1683   u8x8_byte.o
       416         12          0          6          0       8668   u8x8_cad.o
       260         12        344          0          0       3039   u8x8_d_ssd1306_128x64_noname.o
       200          0          0          0          0       4334   u8x8_display.o
        12          0          0          0          0        593   u8x8_gpio.o
        74          4          0          0          0       1762   u8x8_setup.o
       204         18          0          0        136       1758   usart.o
      2926        510      43008        192         60      16401   useritem.o

    ----------------------------------------------------------------------
     28838       2132      64364        356      11892    1549956   Object Totals
         0          0         32          0          0          0   (incl. Generated)
        60          0          3          3          1          0   (incl. Padding)

    ----------------------------------------------------------------------

      Code (inc. data)   RO Data    RW Data    ZI Data      Debug   Library Member Name

       108         10          0          0          0        116   ceilf.o
       112         14          0          0          0        116   floorf.o
        86          0          0          0          0          0   __dczerorl2.o
        28          0          0          0          0         68   _chval.o
       164          0          0          0          0         92   _strtoul.o
        26          0          0          0          0         80   atoi.o
         8          4        133          0          0         68   ctype_o.o
         0          0          0          0          0          0   entry.o
         0          0          0          0          0          0   entry10a.o
         0          0          0          0          0          0   entry11a.o
         8          4          0          0          0          0   entry2.o
         4          0          0          0          0          0   entry5.o
         0          0          0          0          0          0   entry7b.o
         0          0          0          0          0          0   entry8b.o
         8          4          0          0          0          0   entry9a.o
         8          4          0          4          0         68   errno.o
        30          0          0          0          0          0   handlers.o
        36          8          0          0          0         68   init.o
         0          0          0          0          0          0   iusefp.o
        30          0          0          0          0         68   llshl.o
        32          0          0          0          0         68   llushr.o
       108         16          0          0          0         84   malloc.o
        36          0          0          0          0         68   memcpya.o
        36          0          0          0          0        108   memseta.o
         0          0          0          8          0          0   mvars.o
       890         10          0          0          0        420   printf6.o
        30          0          0          0          0         80   strncmp.o
        36          0          0          0          0         80   strstr.o
        68          6          0          4          0         80   strtok.o
       112          0          0          0          0         88   strtol.o
        44          0          0          0          0         80   uidiv.o
       104          0          0          0          0         92   uldiv.o

    ----------------------------------------------------------------------
      2158         80        136         16          0       1992   Library Totals
         6          0          3          0          0          0   (incl. Padding)

    ----------------------------------------------------------------------

      Code (inc. data)   RO Data    RW Data    ZI Data      Debug   Library Name

       220         24          0          0          0        232   m_wm.l
      1932         56        133         16          0       1760   mc_w.l

    ----------------------------------------------------------------------
      2158         80        136         16          0       1992   Library Totals

    ----------------------------------------------------------------------

==============================================================================


      Code (inc. data)   RO Data    RW Data    ZI Data      Debug   

     30996       2212      64500        372      11892    1524448   Grand Totals
     30996       2212      64500        184      11892    1524448   ELF Image Totals (compressed)
     30996       2212      64500        184          0          0   ROM Totals

==============================================================================

    Total RO  Size (Code + RO Data)                95496 (  93.26kB)
    Total RW  Size (RW Data + ZI Data)             12264 (  11.98kB)
    Total ROM Size (Code + RO Data + RW Data)      95680 (  93.44kB)

==============================================================================

